<html>
<body>
<pre>
<h1>µVision Build Log</h1>
<h2>Tool Versions:</h2>
IDE-Version: µVision V5.24.2.0
Copyright (C) 2017 ARM Ltd and ARM Germany GmbH. All rights reserved.
License Information: Liam Patterson, Student, LIC=----
 
Tool Versions:
Toolchain:       MDK-Lite  Version: 5.24.1
Toolchain Path:  C:\Keil_v5\ARM\ARMCC\Bin
C Compiler:      Armcc.exe V5.06 update 5 (build 528)
Assembler:       Armasm.exe V5.06 update 5 (build 528)
Linker/Locator:  ArmLink.exe V5.06 update 5 (build 528)
Library Manager: ArmAr.exe V5.06 update 5 (build 528)
Hex Converter:   FromElf.exe V5.06 update 5 (build 528)
CPU DLL:         SARMCM3.DLL V5.24.1
Dialog DLL:      DCM.DLL V1.16.0.0
Target DLL:      CMSIS_AGDI.dll V1.28.3.0
Dialog DLL:      TCM.DLL V1.32.0.0
 
<h2>Project:</h2>
C:\Users\Liam Patterson\Dropbox\Projects\MiniWx\Station\wxstation.uvprojx
Project File Date:  05/10/2018

<h2>Output:</h2>
*** Using Compiler 'V5.06 update 5 (build 528)', folder: 'C:\Keil_v5\ARM\ARMCC\Bin'
Build target 'Target 1'
compiling temperature.cpp...
temperature.cpp(405): warning:  #1035-D: single-precision operand implicitly converted to double-precision
  	 float fartemp = (temp*1.4)+32;
temperature.cpp(406): warning:  #1035-D: single-precision operand implicitly converted to double-precision
  	 float fardew = (dew*1.4)+32;
temperature.cpp: 2 warnings, 0 errors
linking...
Program Size: Code=29640 RO-data=2752 RW-data=136 ZI-data=5372  
".\Objects\wxstation.axf" - 0 Error(s), 2 Warning(s).

<h2>Software Packages used:</h2>

Package Vendor: ARM
                http://www.keil.com/pack/ARM.CMSIS.5.0.1.pack
                ARM.CMSIS.5.0.1
                CMSIS (Cortex Microcontroller Software Interface Standard)
   * Component: Keil RTX Version: 4.81.0
   * Component: CORE Version: 5.0.1
   * Component: RTOS Version: 1.0.0
   * Component: I2C Version: 2.3.0

Package Vendor: NXP
                http://mcuxpresso.nxp.com/cmsis_pack/repo/NXP.MK64F12_DFP.10.0.0.pack
                NXP.MK64F12_DFP.10.0.0
                Device Family Pack for MK64F12

Package Vendor: Keil
                http://www.keil.com/pack/Keil.Kinetis_SDK_DFP.2.3.0.pack
                Keil.Kinetis_SDK_DFP.2.3.0
                NXP Kinetis SDK v1.2.0 including MK64FN1M0VLL12 CMSIS Device Support and Drivers
   * Component: Startup Version: 2.8
   * Component: Debug Console Version: 1.2.0
   * Component: Interrupt Version: 1.2.0
   * Component: Clock Version: 1.2.0
   * Component: OSA Variant: Bare Metal Version: 1.2.0
   * Component: eDMA Version: 1.2.0
   * Component: UART Version: 1.2.0
   * Component: SIM Version: 1.2.0
   * Component: RTC Version: 1.2.0
   * Component: PORT Version: 1.2.0
   * Component: OSC Version: 1.2.0
   * Component: MCG Version: 1.2.0
   * Component: LPTMR Version: 1.2.0
   * Component: I2C Version: 1.2.0
   * Component: GPIO Version: 1.2.0
   * Component: DMAMUX Version: 1.2.0
   * Component: eDMA Version: 1.2.0
   * Component: RTC Version: 1.2.0
   * Component: GPIO Version: 1.2.0
   * Component: FRDM-K64F Version: 1.2.0
   * Component: I2C Version: 1.3
   * Component: Buttons Version: 1.2
   * Component: Accelerometer Version: 1.2
   * Component: KSDK Configuration Version: 

Package Vendor: Keil
                http://www.keil.com/pack/Keil.MDK-Middleware.7.6.0.pack
                Keil.MDK-Middleware.7.6.0
                Middleware for Keil MDK-Professional and MDK-Plus
   * Component: Buttons Version: 1.0.0
   * Component: Accelerometer Version: 1.0.0

<h2>Collection of Component include folders:</h2>
  .\RTE\Device\MK64FN1M0VLL12
  .\RTE\_Target_1
  C:\Keil_v5\ARM\PACK\ARM\CMSIS\5.0.1\CMSIS\Driver\Include
  C:\Keil_v5\ARM\PACK\ARM\CMSIS\5.0.1\CMSIS\Include
  C:\Keil_v5\ARM\PACK\ARM\CMSIS\5.0.1\CMSIS\RTOS\RTX\INC
  C:\Keil_v5\ARM\PACK\Keil\Kinetis_SDK_DFP\2.3.0\examples\frdmk64f
  C:\Keil_v5\ARM\PACK\Keil\Kinetis_SDK_DFP\2.3.0\platform\devices
  C:\Keil_v5\ARM\PACK\Keil\Kinetis_SDK_DFP\2.3.0\platform\drivers\inc
  C:\Keil_v5\ARM\PACK\Keil\Kinetis_SDK_DFP\2.3.0\platform\hal\inc
  C:\Keil_v5\ARM\PACK\Keil\Kinetis_SDK_DFP\2.3.0\platform\osa\inc
  C:\Keil_v5\ARM\PACK\Keil\Kinetis_SDK_DFP\2.3.0\platform\system\inc
  C:\Keil_v5\ARM\PACK\Keil\Kinetis_SDK_DFP\2.3.0\platform\utilities\inc
  C:\Keil_v5\ARM\PACK\Keil\MDK-Middleware\7.6.0\Board
  C:\Keil_v5\ARM\PACK\NXP\MK64F12_DFP\10.0.0

<h2>Collection of Component Files used:</h2>

   * Component: Keil::Device:Startup:2.8
      Source file:   platform\devices\startup.c
      Include file:  platform\devices\MK64F12\startup\system_MK64F12.h
      Source file:   platform\devices\MK64F12\startup\arm\startup_MK64F12.s
      Source file:   platform\devices\MK64F12\startup\system_MK64F12.c
      Include file:  addon_cmsis\Driver\MK64F\Config\RTE_Device.h

   * Component: Keil::Device:KSDK Utility:Debug Console:1.2.0
      Source file:   platform\utilities\src\fsl_debug_console.c
      Include file:  platform\utilities\inc\fsl_debug_console.h
      Source file:   platform\utilities\src\print_scan.c

   * Component: Keil::Device:KSDK System:Interrupt:1.2.0
      Include file:  platform\system\inc\fsl_interrupt_manager.h
      Source file:   platform\system\src\interrupt\fsl_interrupt_manager.c

   * Component: Keil::Device:KSDK System:Clock:1.2.0
      Include file:  platform\system\inc\fsl_clock_manager.h
      Source file:   platform\system\src\clock\fsl_clock_manager_common.c
      Source file:   platform\system\src\clock\fsl_clock_manager.c
      Source file:   platform\system\src\clock\MK64F12\fsl_clock_MK64F12.c

   * Component: Keil::Device:KSDK OSA:OSA:Bare Metal:1.2.0
      Include file:  platform\osa\inc\fsl_os_abstraction.h
      Source file:   platform\osa\src\fsl_os_abstraction_bm.c

   * Component: Keil::Device:KSDK HAL:eDMA:1.2.0
      Include file:  platform\hal\inc\fsl_edma_hal.h
      Source file:   platform\hal\src\edma\fsl_edma_hal.c

   * Component: Keil::Device:KSDK HAL:UART:1.2.0
      Source file:   platform\hal\src\uart\fsl_uart_hal.c
      Include file:  platform\hal\inc\fsl_uart_hal.h

   * Component: Keil::Device:KSDK HAL:SIM:1.2.0
      Source file:   platform\hal\src\sim\MK64F12\fsl_sim_hal_MK64F12.c
      Include file:  platform\hal\inc\fsl_sim_hal.h

   * Component: Keil::Device:KSDK HAL:RTC:1.2.0
      Source file:   platform\hal\src\rtc\fsl_rtc_hal.c
      Include file:  platform\hal\inc\fsl_rtc_hal.h

   * Component: Keil::Device:KSDK HAL:PORT:1.2.0
      Source file:   platform\hal\src\port\fsl_port_hal.c
      Include file:  platform\hal\inc\fsl_port_hal.h

   * Component: Keil::Device:KSDK HAL:OSC:1.2.0
      Source file:   platform\hal\src\osc\fsl_osc_hal.c
      Include file:  platform\hal\inc\fsl_osc_hal.h

   * Component: Keil::Device:KSDK HAL:MCG:1.2.0
      Include file:  platform\hal\inc\fsl_mcg_hal.h
      Source file:   platform\hal\src\mcg\fsl_mcg_hal_modes.c
      Include file:  platform\hal\inc\fsl_mcg_hal_modes.h
      Source file:   platform\hal\src\mcg\fsl_mcg_hal.c

   * Component: Keil::Device:KSDK HAL:LPTMR:1.2.0
      Include file:  platform\hal\inc\fsl_lptmr_hal.h
      Source file:   platform\hal\src\lptmr\fsl_lptmr_hal.c

   * Component: Keil::Device:KSDK HAL:I2C:1.2.0
      Source file:   platform\hal\src\i2c\fsl_i2c_hal.c
      Include file:  platform\hal\inc\fsl_i2c_hal.h

   * Component: Keil::Device:KSDK HAL:GPIO:1.2.0
      Include file:  platform\hal\inc\fsl_gpio_hal.h
      Source file:   platform\hal\src\gpio\fsl_gpio_hal.c

   * Component: Keil::Device:KSDK HAL:DMAMUX:1.2.0
      Include file:  platform\hal\inc\fsl_dmamux_hal.h
      Source file:   platform\hal\src\dmamux\fsl_dmamux_hal.c

   * Component: Keil::Device:KSDK Driver:eDMA:1.2.0
      Include file:  platform\drivers\inc\fsl_edma_driver.h
      Source file:   platform\drivers\src\edma\fsl_edma_common.c
      Source file:   platform\drivers\src\edma\fsl_edma_lpm_callback.c
      Source file:   platform\drivers\src\edma\fsl_edma_irq.c
      Source file:   platform\drivers\src\edma\fsl_edma_driver.c

   * Component: Keil::Device:KSDK Driver:RTC:1.2.0
      Source file:   platform\drivers\src\rtc\fsl_rtc_common.c
      Include file:  platform\drivers\inc\fsl_rtc_driver.h
      Source file:   platform\drivers\src\rtc\fsl_rtc_irq.c
      Source file:   platform\drivers\src\rtc\fsl_rtc_lpm_callback.c
      Source file:   platform\drivers\src\rtc\fsl_rtc_driver.c

   * Component: Keil::Device:KSDK Driver:GPIO:1.2.0
      Source file:   platform\drivers\src\gpio\fsl_gpio_lpm_callback.c
      Source file:   platform\drivers\src\gpio\fsl_gpio_common.c
      Include file:  platform\drivers\inc\fsl_gpio_driver.h
      Source file:   platform\drivers\src\gpio\fsl_gpio_driver.c
      Source file:   platform\drivers\src\gpio\fsl_gpio_irq.c

   * Component: Keil::Device:KSDK Configuration:FRDM-K64F:1.2.0
      Source file:   examples\frdmk64f\gpio_pins.c
      Include file:  examples\frdmk64f\board.h
      Source file:   examples\frdmk64f\pin_mux.c
      Source file:   examples\frdmk64f\board.c
      Source file:   examples\frdmk64f\hardware_init.c

   * Component: Keil::CMSIS Driver:I2C:1.3
      Source file:   addon_cmsis\Driver\MK64F\I2C_MK64F.c

   * Component: Keil.FRDM-K64F::Board Support:Buttons:1.2
      Source file:   addon_mdk\Boards\NXP\FRDM-K64F\Common\Buttons_FRDM_K64F.c

   * Component: Keil.FRDM-K64F::Board Support:Accelerometer:1.2
      Source file:   addon_mdk\Boards\NXP\FRDM-K64F\Common\FXOS8700.c

   * Component: ARM::CMSIS:RTOS:Keil RTX:4.81.0
      Source file:   CMSIS\RTOS\RTX\Templates\RTX_Conf_CM.c
      Include file:  CMSIS\RTOS\RTX\INC\cmsis_os.h
      Include file:  CMSIS\RTOS\RTX\UserCodeTemplates\osObjects.h
      Source file:   CMSIS\RTOS\RTX\UserCodeTemplates\main.c
      Source file:   CMSIS\RTOS\RTX\UserCodeTemplates\MailQueue.c
      Source file:   CMSIS\RTOS\RTX\SRC\ARM\SVC_Table.s
      Source file:   CMSIS\RTOS\RTX\UserCodeTemplates\MemPool.c
      Library file:  CMSIS\RTOS\RTX\LIB\ARM\RTX_CM4.lib
      Source file:   CMSIS\RTOS\RTX\UserCodeTemplates\Semaphore.c
      Source file:   CMSIS\RTOS\RTX\UserCodeTemplates\Thread.c
      Source file:   CMSIS\RTOS\RTX\UserCodeTemplates\Mutex.c
      Source file:   CMSIS\RTOS\RTX\UserCodeTemplates\Timer.c
      Source file:   CMSIS\RTOS\RTX\UserCodeTemplates\MsgQueue.c

   * Component: ARM::CMSIS:CORE:5.0.1

   * Component: ::Device:KSDK Configuration (API)

   * Component: ::CMSIS:RTOS:1.0.0 (API)

   * Component: ::CMSIS Driver:I2C:2.3.0 (API)
      Include file:  CMSIS\Driver\Include\Driver_I2C.h

   * Component: ::Board Support:Buttons:1.0.0 (API)
      Include file:  Board\Board_Buttons.h

   * Component: ::Board Support:Accelerometer:1.0.0 (API)
      Include file:  Board\Board_Accelerometer.h
Build Time Elapsed:  00:00:07
</pre>
</body>
</html>
