Component: ARM Compiler 5.06 update 5 (build 528) Tool: armlink [4d35e2]

==============================================================================

Section Cross References

    utils.o(i.LEDBlue_On) refers to utils.o(i.__get_PRIMASK) for __get_PRIMASK
    utils.o(i.LEDBlue_On) refers to utils.o(i.__set_PRIMASK) for __set_PRIMASK
    utils.o(i.LEDGreen_On) refers to utils.o(i.__get_PRIMASK) for __get_PRIMASK
    utils.o(i.LEDGreen_On) refers to utils.o(i.__set_PRIMASK) for __set_PRIMASK
    utils.o(i.LEDRed_On) refers to utils.o(i.__get_PRIMASK) for __get_PRIMASK
    utils.o(i.LEDRed_On) refers to utils.o(i.__set_PRIMASK) for __set_PRIMASK
    utils.o(i.LED_Off) refers to utils.o(i.__get_PRIMASK) for __get_PRIMASK
    utils.o(i.LED_Off) refers to utils.o(i.__set_PRIMASK) for __set_PRIMASK
    utils.o(i.RGB_On) refers to utils.o(i.__get_PRIMASK) for __get_PRIMASK
    utils.o(i.RGB_On) refers to utils.o(i.__set_PRIMASK) for __set_PRIMASK
    utils.o(i.long_delay) refers to utils.o(i.short_delay) for short_delay
    temperature.o(i._Z11bme280_initv) refers to temperature.o(.data) for t_fine
    temperature.o(i._Z11getDewpointff) refers to temperature.o(i._ZSt3expf) for std::exp(float)
    temperature.o(i._Z11getDewpointff) refers to logf.o(i.__hardfp_logf) for __hardfp_logf
    temperature.o(i._Z11getHumidityv) refers to temperature.o(.data) for I2Cdrv
    temperature.o(i._Z11getPressurev) refers to temperature.o(.data) for I2Cdrv
    temperature.o(i._Z6getSLPff) refers to temperature.o(i._ZSt3expf) for std::exp(float)
    temperature.o(i._Z7getTempv) refers to temperature.o(.data) for I2Cdrv
    temperature.o(i._Z8i2c_initv) refers to temperature.o(i._Z8i2c_readhPh) for i2c_read(unsigned char, unsigned char*)
    temperature.o(i._Z8i2c_initv) refers to utils.o(i.long_delay) for long_delay
    temperature.o(i._Z8i2c_initv) refers to temperature.o(.data) for I2Cdrv
    temperature.o(i._Z8i2c_readhPh) refers to temperature.o(.data) for I2Cdrv
    temperature.o(i._Z9getCloudsff) refers to f2d.o(x$fpl$f2d) for __aeabi_f2d
    temperature.o(i._Z9getCloudsff) refers to dmul.o(x$fpl$dmul) for __aeabi_dmul
    temperature.o(i._Z9getCloudsff) refers to daddsub_clz.o(x$fpl$dadd) for __aeabi_dadd
    temperature.o(i._Z9getCloudsff) refers to d2f.o(x$fpl$d2f) for __aeabi_d2f
    temperature.o(i._Z9i2c_setupv) refers to i2c_mk64f.o(.constdata) for Driver_I2C0
    temperature.o(i._Z9i2c_setupv) refers to temperature.o(.data) for drv_info
    temperature.o(i.main) refers to hardware_init.o(i.hardware_init) for hardware_init
    temperature.o(i.main) refers to utils.o(i.LED_Initialize) for LED_Initialize
    temperature.o(i.main) refers to fsl_debug_console.o(i.debug_printf) for debug_printf
    temperature.o(i.main) refers to temperature.o(i._Z8i2c_initv) for i2c_init()
    temperature.o(i.main) refers to temperature.o(i._Z11bme280_initv) for bme280_init()
    temperature.o(i.main) refers to utils.o(i.LEDRed_On) for LEDRed_On
    temperature.o(i.main) refers to temperature.o(i._Z7getTempv) for getTemp()
    temperature.o(i.main) refers to temperature.o(i._Z11getPressurev) for getPressure()
    temperature.o(i.main) refers to temperature.o(i._Z11getHumidityv) for getHumidity()
    temperature.o(i.main) refers to temperature.o(i._Z11getDewpointff) for getDewpoint(float, float)
    temperature.o(i.main) refers to temperature.o(i._Z11getAltitudef) for getAltitude(float)
    temperature.o(i.main) refers to temperature.o(i._Z9getCloudsff) for getClouds(float, float)
    temperature.o(i.main) refers to temperature.o(i._Z6getSLPff) for getSLP(float, float)
    temperature.o(i.main) refers to f2d.o(x$fpl$f2d) for __aeabi_f2d
    temperature.o(i.main) refers to utils.o(i.short_delay) for short_delay
    temperature.o(i.main) refers to utils.o(i.LED_Off) for LED_Off
    temperature.o(i.main) refers to utils.o(i.long_delay) for long_delay
    temperature.o(.ARM.exidx) refers to temperature.o(i._Z8i2c_readhPh) for i._Z8i2c_readhPh
    temperature.o(.ARM.exidx) refers to temperature.o(i._Z9i2c_setupv) for i._Z9i2c_setupv
    temperature.o(.ARM.exidx) refers to temperature.o(i._Z8i2c_initv) for i._Z8i2c_initv
    temperature.o(.ARM.exidx) refers to temperature.o(i._Z11bme280_initv) for i._Z11bme280_initv
    temperature.o(.ARM.exidx) refers to temperature.o(i._Z7getTempv) for i._Z7getTempv
    temperature.o(.ARM.exidx) refers to temperature.o(i._Z11getHumidityv) for i._Z11getHumidityv
    temperature.o(.ARM.exidx) refers to temperature.o(i._Z11getPressurev) for i._Z11getPressurev
    temperature.o(.ARM.exidx) refers to temperature.o(i._Z11getDewpointff) for i._Z11getDewpointff
    temperature.o(.ARM.exidx) refers to temperature.o(i._Z11getAltitudef) for i._Z11getAltitudef
    temperature.o(.ARM.exidx) refers to temperature.o(i._Z6getSLPff) for i._Z6getSLPff
    temperature.o(.ARM.exidx) refers to temperature.o(i._Z9getCloudsff) for i._Z9getCloudsff
[...]
    __rt_SIGABRT                             0x00000889   Thumb Code    14  defsig_abrt_outer.o(.text)
    __I$use$semihosting                      0x00000897   Thumb Code     0  use_no_semi.o(.text)
    __use_no_semihosting_swi                 0x00000897   Thumb Code     2  use_no_semi.o(.text)
    __semihosting_library_function           0x00000899   Thumb Code     0  indicate_semi.o(.text)
    __sig_exit                               0x00000899   Thumb Code    10  defsig_exit.o(.text)
    __rt_SIGABRT_inner                       0x000008a5   Thumb Code    14  defsig_abrt_inner.o(.text)
    __default_signal_display                 0x000008d5   Thumb Code    50  defsig_general.o(.text)
    SVC_Count                                0x00000908   Data           4  svc_table.o(SVC_TABLE)
    BOARD_ClockInit                          0x0000090d   Thumb Code    72  board.o(i.BOARD_ClockInit)
    SVC_Table                                0x0000090c   Data           0  svc_table.o(SVC_TABLE)
    BOARD_InitOsc0                           0x00000975   Thumb Code    20  board.o(i.BOARD_InitOsc0)
    BOARD_InitRtcOsc                         0x0000098d   Thumb Code    20  board.o(i.BOARD_InitRtcOsc)
    CLOCK_HAL_EnablePll0InFllMode            0x000009a5   Thumb Code    64  fsl_mcg_hal.o(i.CLOCK_HAL_EnablePll0InFllMode)
    CLOCK_HAL_GetFllClk                      0x000009f9   Thumb Code    82  fsl_mcg_hal.o(i.CLOCK_HAL_GetFllClk)
    CLOCK_HAL_GetFllRefClk                   0x00000a4d   Thumb Code    72  fsl_mcg_hal.o(i.CLOCK_HAL_GetFllRefClk)
    CLOCK_HAL_GetInternalRefClk              0x00000aa9   Thumb Code    52  fsl_mcg_hal.o(i.CLOCK_HAL_GetInternalRefClk)
    CLOCK_HAL_GetMcgMode                     0x00000b13   Thumb Code   150  fsl_mcg_hal_modes.o(i.CLOCK_HAL_GetMcgMode)
    CLOCK_HAL_GetOutClk                      0x00000ba9   Thumb Code    78  fsl_mcg_hal.o(i.CLOCK_HAL_GetOutClk)
    CLOCK_HAL_GetPll0Clk                     0x00000bf7   Thumb Code    68  fsl_mcg_hal.o(i.CLOCK_HAL_GetPll0Clk)
    CLOCK_HAL_GetPll0RefFreq                 0x00000c3b   Thumb Code    12  fsl_mcg_hal.o(i.CLOCK_HAL_GetPll0RefFreq)
    CLOCK_HAL_SetFbeMode                     0x00000ca7   Thumb Code   228  fsl_mcg_hal_modes.o(i.CLOCK_HAL_SetFbeMode)
    CLOCK_HAL_SetFbiMode                     0x00000d8d   Thumb Code   170  fsl_mcg_hal_modes.o(i.CLOCK_HAL_SetFbiMode)
    CLOCK_HAL_SetOsc0Mode                    0x00000e59   Thumb Code    36  fsl_mcg_hal.o(i.CLOCK_HAL_SetOsc0Mode)
    CLOCK_HAL_SetOutDiv                      0x00000e7d   Thumb Code    56  fsl_sim_hal_mk64f12.o(i.CLOCK_HAL_SetOutDiv)
    CLOCK_HAL_SetPbeMode                     0x00000eb5   Thumb Code   228  fsl_mcg_hal_modes.o(i.CLOCK_HAL_SetPbeMode)
    CLOCK_HAL_TestFllExternalRefFreq         0x00000f9d   Thumb Code    70  fsl_mcg_hal.o(i.CLOCK_HAL_TestFllExternalRefFreq)
    CLOCK_HAL_TestFllFreq                    0x00000fe5   Thumb Code    50  fsl_mcg_hal.o(i.CLOCK_HAL_TestFllFreq)
    CLOCK_HAL_TestOscFreq                    0x0000101d   Thumb Code    38  fsl_mcg_hal.o(i.CLOCK_HAL_TestOscFreq)
    CLOCK_HAL_UpdateFastClkInternalRefDiv    0x00001051   Thumb Code   104  fsl_mcg_hal.o(i.CLOCK_HAL_UpdateFastClkInternalRefDiv)
    CLOCK_SYS_EnablePortClock                0x000010b9   Thumb Code    34  fsl_clock_mk64f12.o(i.CLOCK_SYS_EnablePortClock)
    CLOCK_SYS_EnableUartClock                0x00001125   Thumb Code    34  fsl_clock_mk64f12.o(i.CLOCK_SYS_EnableUartClock)
    CLOCK_SYS_GetBusClockFreq                0x000011b1   Thumb Code    26  fsl_clock_mk64f12.o(i.CLOCK_SYS_GetBusClockFreq)
    CLOCK_SYS_GetCoreClockFreq               0x000011d5   Thumb Code    24  fsl_clock_mk64f12.o(i.CLOCK_SYS_GetCoreClockFreq)
    CLOCK_SYS_GetSystemClockFreq             0x000011f5   Thumb Code    24  fsl_clock_mk64f12.o(i.CLOCK_SYS_GetSystemClockFreq)
    CLOCK_SYS_GetUartFreq                    0x00001215   Thumb Code    46  fsl_clock_mk64f12.o(i.CLOCK_SYS_GetUartFreq)
    CLOCK_SYS_OscInit                        0x00001245   Thumb Code   160  fsl_clock_manager.o(i.CLOCK_SYS_OscInit)
    CLOCK_SYS_RtcOscInit                     0x00001315   Thumb Code   204  fsl_clock_manager.o(i.CLOCK_SYS_RtcOscInit)
    CLOCK_SYS_SetConfiguration               0x00001411   Thumb Code    72  fsl_clock_mk64f12.o(i.CLOCK_SYS_SetConfiguration)
    CLOCK_SYS_SetMcgMode                     0x00001479   Thumb Code   340  fsl_clock_manager.o(i.CLOCK_SYS_SetMcgMode)
    CLOCK_SYS_SetOscerConfigration           0x00001619   Thumb Code    32  fsl_clock_manager.o(i.CLOCK_SYS_SetOscerConfigration)
    DMA0_IRQHandler                          0x0000167d   Thumb Code    10  fsl_edma_irq.o(i.DMA0_IRQHandler)
    DMA10_IRQHandler                         0x00001687   Thumb Code    10  fsl_edma_irq.o(i.DMA10_IRQHandler)
    DMA11_IRQHandler                         0x00001691   Thumb Code    10  fsl_edma_irq.o(i.DMA11_IRQHandler)
    DMA12_IRQHandler                         0x0000169b   Thumb Code    10  fsl_edma_irq.o(i.DMA12_IRQHandler)
    DMA13_IRQHandler                         0x000016a5   Thumb Code    10  fsl_edma_irq.o(i.DMA13_IRQHandler)
    DMA14_IRQHandler                         0x000016af   Thumb Code    10  fsl_edma_irq.o(i.DMA14_IRQHandler)
    DMA15_IRQHandler                         0x000016b9   Thumb Code    10  fsl_edma_irq.o(i.DMA15_IRQHandler)
    DMA1_IRQHandler                          0x000016c3   Thumb Code    10  fsl_edma_irq.o(i.DMA1_IRQHandler)
    DMA2_IRQHandler                          0x000016cd   Thumb Code    10  fsl_edma_irq.o(i.DMA2_IRQHandler)
    DMA3_IRQHandler                          0x000016d7   Thumb Code    10  fsl_edma_irq.o(i.DMA3_IRQHandler)
    DMA4_IRQHandler                          0x000016e1   Thumb Code    10  fsl_edma_irq.o(i.DMA4_IRQHandler)
    DMA5_IRQHandler                          0x000016eb   Thumb Code    10  fsl_edma_irq.o(i.DMA5_IRQHandler)
    DMA6_IRQHandler                          0x000016f5   Thumb Code    10  fsl_edma_irq.o(i.DMA6_IRQHandler)
    DMA7_IRQHandler                          0x000016ff   Thumb Code    10  fsl_edma_irq.o(i.DMA7_IRQHandler)
    DMA8_IRQHandler                          0x00001709   Thumb Code    10  fsl_edma_irq.o(i.DMA8_IRQHandler)
    DMA9_IRQHandler                          0x00001713   Thumb Code    10  fsl_edma_irq.o(i.DMA9_IRQHandler)
    DbgConsole_Init                          0x00001771   Thumb Code   172  fsl_debug_console.o(i.DbgConsole_Init)
    EDMA_DRV_IRQHandler                      0x00001955   Thumb Code    38  fsl_edma_driver.o(i.EDMA_DRV_IRQHandler)
    EDMA_DRV_InstallCallback                 0x00001981   Thumb Code    10  fsl_edma_driver.o(i.EDMA_DRV_InstallCallback)
    EDMA_DRV_PushDescriptorToReg             0x000019c5   Thumb Code    46  fsl_edma_driver.o(i.EDMA_DRV_PushDescriptorToReg)
    EDMA_DRV_RequestChannel                  0x000019f9   Thumb Code   160  fsl_edma_driver.o(i.EDMA_DRV_RequestChannel)
    EDMA_DRV_StartChannel                    0x00001a9d   Thumb Code    36  fsl_edma_driver.o(i.EDMA_DRV_StartChannel)
    EDMA_HAL_HTCDClearReg                    0x00001ac5   Thumb Code   114  fsl_edma_hal.o(i.EDMA_HAL_HTCDClearReg)
    EDMA_HAL_PushSTCDToHTCD                  0x00001b39   Thumb Code   176  fsl_edma_hal.o(i.EDMA_HAL_PushSTCDToHTCD)
    EDMA_HAL_STCDSetAttribute                0x00001c21   Thumb Code    70  fsl_edma_hal.o(i.EDMA_HAL_STCDSetAttribute)
    EDMA_HAL_STCDSetBasicTransfer            0x00001ca1   Thumb Code   308  fsl_edma_hal.o(i.EDMA_HAL_STCDSetBasicTransfer)
    EDMA_HAL_STCDSetMajorCount               0x00001e85   Thumb Code    66  fsl_edma_hal.o(i.EDMA_HAL_STCDSetMajorCount)
    EDMA_HAL_STCDSetNbytes                   0x00001ed5   Thumb Code    66  fsl_edma_hal.o(i.EDMA_HAL_STCDSetNbytes)
    EDMA_HAL_STCDSetScatterGatherLink        0x00001f55   Thumb Code    80  fsl_edma_hal.o(i.EDMA_HAL_STCDSetScatterGatherLink)
    EDMA_HAL_SetDmaRequestCmd                0x00001fc9   Thumb Code    10  fsl_edma_hal.o(i.EDMA_HAL_SetDmaRequestCmd)
    EDMA_HAL_SetErrorIntCmd                  0x00001fd3   Thumb Code    10  fsl_edma_hal.o(i.EDMA_HAL_SetErrorIntCmd)
    GPIO_HAL_SetPinDir                       0x00002041   Thumb Code    52  fsl_gpio_hal.o(i.GPIO_HAL_SetPinDir)
    I2C0_IRQHandler                          0x000020ed   Thumb Code    10  i2c_mk64f.o(i.I2C0_IRQHandler)
    I2C1_IRQHandler                          0x000021dd   Thumb Code    10  i2c_mk64f.o(i.I2C1_IRQHandler)
    I2C2_IRQHandler                          0x000022cd   Thumb Code    10  i2c_mk64f.o(i.I2C2_IRQHandler)
    I2C_HAL_Init                             0x000025cf   Thumb Code    30  fsl_i2c_hal.o(i.I2C_HAL_Init)
    I2C_HAL_SendStart                        0x00002625   Thumb Code    36  fsl_i2c_hal.o(i.I2C_HAL_SendStart)
    I2C_HAL_SendStop                         0x00002649   Thumb Code    74  fsl_i2c_hal.o(i.I2C_HAL_SendStop)
    I2C_HAL_SetAddress10bit                  0x000026b5   Thumb Code    34  fsl_i2c_hal.o(i.I2C_HAL_SetAddress10bit)
    I2C_HAL_SetAddress7bit                   0x000026d7   Thumb Code    20  fsl_i2c_hal.o(i.I2C_HAL_SetAddress7bit)
    I2C_HAL_SetBaudRate                      0x000026ed   Thumb Code   162  fsl_i2c_hal.o(i.I2C_HAL_SetBaudRate)
    LEDRed_On                                0x0000325d   Thumb Code    36  utils.o(i.LEDRed_On)
    LED_Initialize                           0x00003289   Thumb Code    50  utils.o(i.LED_Initialize)
    LED_Off                                  0x000032d1   Thumb Code    36  utils.o(i.LED_Off)
    OSC_HAL_SetCapacitor                     0x000032fd   Thumb Code    12  fsl_osc_hal.o(i.OSC_HAL_SetCapacitor)
    SystemCoreClockUpdate                    0x00003465   Thumb Code   426  system_mk64f12.o(i.SystemCoreClockUpdate)
    SystemInit                               0x00003629   Thumb Code    34  system_mk64f12.o(i.SystemInit)
    UART_HAL_Getchar                         0x00003655   Thumb Code    12  fsl_uart_hal.o(i.UART_HAL_Getchar)
    UART_HAL_Putchar                         0x00003661   Thumb Code    10  fsl_uart_hal.o(i.UART_HAL_Putchar)
    UART_HAL_ReceiveDataPolling              0x0000366b   Thumb Code    86  fsl_uart_hal.o(i.UART_HAL_ReceiveDataPolling)
    UART_HAL_SendDataPolling                 0x000036c1   Thumb Code    46  fsl_uart_hal.o(i.UART_HAL_SendDataPolling)
    UART_HAL_SetBaudRate                     0x000036ef   Thumb Code    68  fsl_uart_hal.o(i.UART_HAL_SetBaudRate)
    UART_HAL_SetParityMode                   0x00003733   Thumb Code    28  fsl_uart_hal.o(i.UART_HAL_SetParityMode)
    bme280_init()                            0x00003751   Thumb Code  2726  temperature.o(i._Z11bme280_initv)
    getAltitude(float)                       0x0000420d   Thumb Code    22  temperature.o(i._Z11getAltitudef)
    getDewpoint(float, float)                0x0000422d   Thumb Code   116  temperature.o(i._Z11getDewpointff)
    getHumidity()                            0x000042b1   Thumb Code   294  temperature.o(i._Z11getHumidityv)
    getPressure()                            0x00004401   Thumb Code   326  temperature.o(i._Z11getPressurev)
    getSLP(float, float)                     0x00004581   Thumb Code    96  temperature.o(i._Z6getSLPff)
    getTemp()                                0x000045f5   Thumb Code   192  temperature.o(i._Z7getTempv)
    i2c_init()                               0x000046d1   Thumb Code   196  temperature.o(i._Z8i2c_initv)
    getClouds(float, float)                  0x00004821   Thumb Code   156  temperature.o(i._Z9getCloudsff)
    std::exp(float)                          0x000048d1   Thumb Code    24  temperature.o(i._ZSt3expf)
    __ARM_fpclassifyf                        0x000048e9   Thumb Code    38  fpclassifyf.o(i.__ARM_fpclassifyf)
    __hardfp_expf                            0x00004915   Thumb Code   426  expf.o(i.__hardfp_expf)
    __mathlib_expf                           0x00004915   Thumb Code     0  expf.o(i.__hardfp_expf)
    __hardfp_logf                            0x00004afd   Thumb Code   320  logf.o(i.__hardfp_logf)
    __mathlib_logf                           0x00004afd   Thumb Code     0  logf.o(i.__hardfp_logf)
    __hardfp_modf                            0x00004c69   Thumb Code   202  modf.o(i.__hardfp_modf)
    __mathlib_flt_divzero                    0x00004d39   Thumb Code    14  funder.o(i.__mathlib_flt_divzero)
    __mathlib_flt_infnan                     0x00004d4d   Thumb Code     6  funder.o(i.__mathlib_flt_infnan)
    __mathlib_flt_invalid                    0x00004d55   Thumb Code    10  funder.o(i.__mathlib_flt_invalid)
    __mathlib_flt_overflow                   0x00004d65   Thumb Code    10  funder.o(i.__mathlib_flt_overflow)
    __mathlib_flt_underflow                  0x00004d75   Thumb Code    10  funder.o(i.__mathlib_flt_underflow)
    __user_perthread_libspace                0x00004d8d   Thumb Code    32  rtx_conf_cm.o(i.__user_perthread_libspace)
    _doprint                                 0x00004db9   Thumb Code  1644  print_scan.o(i._doprint)
    _init_box                                0x00005425   Thumb Code    70  rt_membox.o(i._init_box)
    _mutex_acquire                           0x0000546d   Thumb Code    22  rtx_conf_cm.o(i._mutex_acquire)
    _mutex_release                           0x0000548d   Thumb Code    18  rtx_conf_cm.o(i._mutex_release)
    configure_uart_pins                      0x000054a9   Thumb Code    62  pin_mux.o(i.configure_uart_pins)
    dbg_init                                 0x000054f1   Thumb Code    34  hal_cm.o(i.dbg_init)
    dbg_task_notify                          0x00005521   Thumb Code    32  hal_cm.o(i.dbg_task_notify)
    dbg_task_switch                          0x00005541   Thumb Code    16  hal_cm.o(i.dbg_task_switch)
    dbg_uart_init                            0x00005551   Thumb Code    22  board.o(i.dbg_uart_init)
    debug_printf                             0x00005569   Thumb Code    52  fsl_debug_console.o(i.debug_printf)
    hardware_init                            0x00005601   Thumb Code    30  hardware_init.o(i.hardware_init)
    init_data_bss                            0x00005621   Thumb Code    54  startup.o(i.init_data_bss)
    isrMessageGet                            0x00005669   Thumb Code    42  rt_cmsis.o(i.isrMessageGet)
    isrMessagePut                            0x00005693   Thumb Code    44  rt_cmsis.o(i.isrMessagePut)
    isr_mbx_receive                          0x000056c1   Thumb Code    86  rt_mailbox.o(i.isr_mbx_receive)
    isr_mbx_send                             0x00005717   Thumb Code    14  rt_mailbox.o(i.isr_mbx_send)
    long_delay                               0x00005725   Thumb Code    18  utils.o(i.long_delay)
    main                                     0x00005739   Thumb Code   304  temperature.o(i.main)
    osKernelInitialize                       0x00005b2d   Thumb Code    30  rt_cmsis.o(i.osKernelInitialize)
    osKernelStart                            0x00005b51   Thumb Code    98  rt_cmsis.o(i.osKernelStart)
    osMessageGet                             0x00005bbd   Thumb Code    18  rt_cmsis.o(i.osMessageGet)
    osThreadCreate                           0x00005bd5   Thumb Code    36  rt_cmsis.o(i.osThreadCreate)
    osThreadExit                             0x00005c01   Thumb Code    14  rt_cmsis.o(i.osThreadExit)
    osTimerCall                              0x00005c19   Thumb Code     8  rt_cmsis.o(i.osTimerCall)
    osTimerThread                            0x00005c25   Thumb Code    38  rt_cmsis.o(i.osTimerThread)
    os_error                                 0x00005c51   Thumb Code    34  rtx_conf_cm.o(i.os_error)
    os_idle_demon                            0x00005c73   Thumb Code     4  rtx_conf_cm.o(i.os_idle_demon)
    os_tick_init                             0x00005c79   Thumb Code    32  rt_system.o(i.os_tick_init)
    os_tick_irqack                           0x00005ca1   Thumb Code     2  rt_system.o(i.os_tick_irqack)
    rt_alloc_box                             0x00005ca3   Thumb Code    26  rt_membox.o(i.rt_alloc_box)
    rt_alloc_mem                             0x00005cbd   Thumb Code    62  rt_memory.o(i.rt_alloc_mem)
    rt_block                                 0x00005cfd   Thumb Code    48  rt_task.o(i.rt_block)
    rt_chk_robin                             0x00005d35   Thumb Code    60  rt_robin.o(i.rt_chk_robin)
    rt_dec_dly                               0x00005d7d   Thumb Code   102  rt_list.o(i.rt_dec_dly)
    rt_dispatch                              0x00005ded   Thumb Code    60  rt_task.o(i.rt_dispatch)
    rt_evt_psh                               0x00005e31   Thumb Code    76  rt_event.o(i.rt_evt_psh)
    rt_free_box                              0x00005e81   Thumb Code    44  rt_membox.o(i.rt_free_box)
    rt_free_mem                              0x00005ead   Thumb Code    40  rt_memory.o(i.rt_free_mem)
    rt_get_first                             0x00005ed5   Thumb Code    40  rt_list.o(i.rt_get_first)
    rt_init_mem                              0x00005f4d   Thumb Code    26  rt_memory.o(i.rt_init_mem)
    rt_init_robin                            0x00005f69   Thumb Code    14  rt_robin.o(i.rt_init_robin)
    rt_init_stack                            0x00005f81   Thumb Code   118  hal_cm.o(i.rt_init_stack)
    rt_mbx_check                             0x00006001   Thumb Code     8  rt_mailbox.o(i.rt_mbx_check)
    rt_mbx_init                              0x00006009   Thumb Code    26  rt_mailbox.o(i.rt_mbx_init)
    rt_mbx_psh                               0x00006025   Thumb Code   236  rt_mailbox.o(i.rt_mbx_psh)
    rt_mbx_wait                              0x00006115   Thumb Code   174  rt_mailbox.o(i.rt_mbx_wait)
    rt_mut_release                           0x0000620d   Thumb Code   208  rt_mutex.o(i.rt_mut_release)
    rt_mut_wait                              0x000062e5   Thumb Code   114  rt_mutex.o(i.rt_mut_wait)
    rt_pop_req                               0x0000635d   Thumb Code   112  rt_system.o(i.rt_pop_req)
    rt_psh_req                               0x000063d9   Thumb Code    22  rt_system.o(i.rt_psh_req)
    rt_psq_enq                               0x000063f9   Thumb Code    88  rt_list.o(i.rt_psq_enq)
    rt_put_dly                               0x00006455   Thumb Code    68  rt_list.o(i.rt_put_dly)
    rt_put_prio                              0x0000649d   Thumb Code    54  rt_list.o(i.rt_put_prio)
    rt_put_rdy_first                         0x000064d5   Thumb Code    14  rt_list.o(i.rt_put_rdy_first)
    rt_resort_prio                           0x000064e9   Thumb Code    46  rt_list.o(i.rt_resort_prio)
    rt_ret_val                               0x0000652d   Thumb Code    12  hal_cm.o(i.rt_ret_val)
    rt_ret_val2                              0x00006539   Thumb Code    16  hal_cm.o(i.rt_ret_val2)
    rt_rmv_dly                               0x00006549   Thumb Code    40  rt_list.o(i.rt_rmv_dly)
    rt_rmv_list                              0x00006571   Thumb Code    44  rt_list.o(i.rt_rmv_list)
    rt_sem_psh                               0x000065a1   Thumb Code    48  rt_semaphore.o(i.rt_sem_psh)
    rt_stk_check                             0x000065d5   Thumb Code    28  rt_system.o(i.rt_stk_check)
    rt_switch_req                            0x000065f9   Thumb Code    30  rt_task.o(i.rt_switch_req)
    rt_sys_init                              0x00006621   Thumb Code   138  rt_task.o(i.rt_sys_init)
    rt_sys_start                             0x000066ed   Thumb Code   110  rt_task.o(i.rt_sys_start)
    rt_systick                               0x00006765   Thumb Code    50  rt_system.o(i.rt_systick)
    rt_tsk_create                            0x000067ed   Thumb Code   118  rt_task.o(i.rt_tsk_create)
    rt_tsk_delete                            0x00006875   Thumb Code   352  rt_task.o(i.rt_tsk_delete)
    rt_tsk_prio                              0x000069f1   Thumb Code   108  rt_task.o(i.rt_tsk_prio)
    rt_tsk_self                              0x00006a6d   Thumb Code    12  rt_task.o(i.rt_tsk_self)
    short_delay                              0x00006a7d   Thumb Code    14  utils.o(i.short_delay)
    svcKernelInitialize                      0x00006a91   Thumb Code    80  rt_cmsis.o(i.svcKernelInitialize)
    svcKernelStart                           0x00006b01   Thumb Code    62  rt_cmsis.o(i.svcKernelStart)
    svcMessageCreate                         0x00006b49   Thumb Code    36  rt_cmsis.o(i.svcMessageCreate)
    svcMessageGet                            0x00006b6d   Thumb Code    58  rt_cmsis.o(i.svcMessageGet)
    svcThreadCreate                          0x00006ba9   Thumb Code    96  rt_cmsis.o(i.svcThreadCreate)
    svcThreadGetId                           0x00006c15   Thumb Code    22  rt_cmsis.o(i.svcThreadGetId)
    svcThreadTerminate                       0x00006c31   Thumb Code    50  rt_cmsis.o(i.svcThreadTerminate)
    svcTimerCall                             0x00006c69   Thumb Code    24  rt_cmsis.o(i.svcTimerCall)
    sysTimerTick                             0x00006c81   Thumb Code    84  rt_cmsis.o(i.sysTimerTick)
    __aeabi_d2f                              0x00006cdd   Thumb Code     0  d2f.o(x$fpl$d2f)
    _d2f                                     0x00006cdd   Thumb Code    98  d2f.o(x$fpl$d2f)
    __aeabi_dadd                             0x00006d41   Thumb Code     0  daddsub_clz.o(x$fpl$dadd)
    _dadd                                    0x00006d41   Thumb Code   332  daddsub_clz.o(x$fpl$dadd)
    __fpl_dcmp_Inf                           0x00006e91   Thumb Code    24  dcmpi.o(x$fpl$dcmpinf)
    __aeabi_ddiv                             0x00006ea9   Thumb Code     0  ddiv.o(x$fpl$ddiv)
    _ddiv                                    0x00006ea9   Thumb Code   552  ddiv.o(x$fpl$ddiv)
    __aeabi_cdcmpeq                          0x00007159   Thumb Code     0  deqf.o(x$fpl$deqf)
    _dcmpeq                                  0x00007159   Thumb Code   120  deqf.o(x$fpl$deqf)
    __aeabi_d2iz                             0x000071d1   Thumb Code     0  dfix.o(x$fpl$dfix)
    _dfix                                    0x000071d1   Thumb Code    94  dfix.o(x$fpl$dfix)
    __aeabi_i2d                              0x0000722f   Thumb Code     0  dflt_clz.o(x$fpl$dflt)
    _dflt                                    0x0000722f   Thumb Code    46  dflt_clz.o(x$fpl$dflt)
    __aeabi_ul2d                             0x0000725d   Thumb Code     0  dfltll_clz.o(x$fpl$dfltull)
    _ll_uto_d                                0x0000725d   Thumb Code   138  dfltll_clz.o(x$fpl$dfltull)
    __aeabi_cdcmple                          0x000072e9   Thumb Code     0  dleqf.o(x$fpl$dleqf)
    _dcmple                                  0x000072e9   Thumb Code   120  dleqf.o(x$fpl$dleqf)
    __fpl_dcmple_InfNaN                      0x0000734b   Thumb Code     0  dleqf.o(x$fpl$dleqf)
    __aeabi_dmul                             0x00007361   Thumb Code     0  dmul.o(x$fpl$dmul)
    _dmul                                    0x00007361   Thumb Code   332  dmul.o(x$fpl$dmul)
    __fpl_dnaninf                            0x000074b5   Thumb Code   156  dnaninf.o(x$fpl$dnaninf)
    __fpl_dretinf                            0x00007551   Thumb Code    12  dretinf.o(x$fpl$dretinf)
    __aeabi_drsub                            0x0000755d   Thumb Code     0  daddsub_clz.o(x$fpl$drsb)
    _drsb                                    0x0000755d   Thumb Code    22  daddsub_clz.o(x$fpl$drsb)
    __aeabi_dsub                             0x00007575   Thumb Code     0  daddsub_clz.o(x$fpl$dsub)
    _dsub                                    0x00007575   Thumb Code   464  daddsub_clz.o(x$fpl$dsub)
    __aeabi_f2d                              0x00007749   Thumb Code     0  f2d.o(x$fpl$f2d)
    _f2d                                     0x00007749   Thumb Code    86  f2d.o(x$fpl$f2d)
    __fpl_fnaninf                            0x0000779f   Thumb Code   140  fnaninf.o(x$fpl$fnaninf)
    _fp_init                                 0x0000782b   Thumb Code    10  fpinit.o(x$fpl$fpinit)
    __fplib_config_fpu_vfp                   0x00007833   Thumb Code     0  fpinit.o(x$fpl$fpinit)
    __fplib_config_pureend_doubles           0x00007833   Thumb Code     0  fpinit.o(x$fpl$fpinit)
    __fpl_fretinf                            0x00007835   Thumb Code    10  fretinf.o(x$fpl$fretinf)
    __aeabi_d2ulz                            0x00007841   Thumb Code     0  dfixull.o(x$fpl$llufromd)
    _ll_ufrom_d                              0x00007841   Thumb Code   120  dfixull.o(x$fpl$llufromd)
    __I$use$fp                               0x000078b8   Number         0  usenofp.o(x$fpl$usenofp)
    os_maxtaskrun                            0x000078b8   Data           2  rtx_conf_cm.o(.constdata)
    os_stackinfo                             0x000078bc   Data           4  rtx_conf_cm.o(.constdata)
    os_rrobin                                0x000078c0   Data           4  rtx_conf_cm.o(.constdata)
    os_tickfreq                              0x000078c4   Data           4  rtx_conf_cm.o(.constdata)
    os_tickus_i                              0x000078c8   Data           2  rtx_conf_cm.o(.constdata)
    os_tickus_f                              0x000078ca   Data           2  rtx_conf_cm.o(.constdata)
    os_trv                                   0x000078cc   Data           4  rtx_conf_cm.o(.constdata)
    os_flags                                 0x000078d0   Data           1  rtx_conf_cm.o(.constdata)
    CMSIS_RTOS_API_Version                   0x000078d4   Data           4  rtx_conf_cm.o(.constdata)
    CMSIS_RTOS_RTX_Version                   0x000078d8   Data           4  rtx_conf_cm.o(.constdata)
    os_clockrate                             0x000078dc   Data           4  rtx_conf_cm.o(.constdata)
    os_timernum                              0x000078e0   Data           4  rtx_conf_cm.o(.constdata)
    mp_tcb_size                              0x000078e4   Data           2  rtx_conf_cm.o(.constdata)
    mp_stk_size                              0x000078e8   Data           4  rtx_conf_cm.o(.constdata)
    os_stack_sz                              0x000078ec   Data           4  rtx_conf_cm.o(.constdata)
    os_fifo_size                             0x000078f0   Data           1  rtx_conf_cm.o(.constdata)
    os_thread_def_osTimerThread              0x000078f4   Data          16  rtx_conf_cm.o(.constdata)
    os_messageQ_def_osTimerMessageQ          0x00007904   Data           8  rtx_conf_cm.o(.constdata)
    mp_tmr_size                              0x0000790c   Data           2  rtx_conf_cm.o(.constdata)
    os_thread_def_main                       0x00007910   Data          16  rtx_conf_cm.o(.constdata)
    Driver_I2C0                              0x000079a0   Data          48  i2c_mk64f.o(.constdata)
    Driver_I2C1                              0x000079d0   Data          48  i2c_mk64f.o(.constdata)
    Driver_I2C2                              0x00007a00   Data          48  i2c_mk64f.o(.constdata)
    g_defaultClockConfigVlpr                 0x00007a30   Data          22  board.o(.constdata)
    g_defaultClockConfigRun                  0x00007a46   Data          22  board.o(.constdata)
    g_edmaBase                               0x00007a78   Data           4  fsl_edma_common.o(.constdata)
    g_dmamuxBase                             0x00007a7c   Data           4  fsl_edma_common.o(.constdata)
    g_edmaIrqId                              0x00007a80   Data          16  fsl_edma_common.o(.constdata)
    g_edmaErrIrqId                           0x00007a90   Data           1  fsl_edma_common.o(.constdata)
    g_rtcBase                                0x00007a94   Data           4  fsl_rtc_common.o(.constdata)
    g_rtcIrqId                               0x00007a98   Data           1  fsl_rtc_common.o(.constdata)
    g_rtcSecondsIrqId                        0x00007a99   Data           1  fsl_rtc_common.o(.constdata)
    kI2CDividerTable                         0x00007a9a   Data         200  fsl_i2c_hal.o(.constdata)
    g_simBase                                0x00007bac   Data           4  fsl_clock_manager_common.o(.constdata)
    g_mcgBase                                0x00007bb0   Data           4  fsl_clock_manager_common.o(.constdata)
    g_oscBase                                0x00007bb4   Data           4  fsl_clock_manager_common.o(.constdata)
    Region$$Table$$Base                      0x00007f48   Number         0  anon$$obj.o(Region$$Table)
    Region$$Table$$Limit                     0x00007f68   Number         0  anon$$obj.o(Region$$Table)
    Image$$RW_m_data$$Base                   0x1fff0000   Number         0  anon$$obj.o ABSOLUTE
    dig_T1                                   0x20000000   Data           2  temperature.o(.data)
    dig_T2                                   0x20000002   Data           2  temperature.o(.data)
    dig_T3                                   0x20000004   Data           2  temperature.o(.data)
    dig_P1                                   0x20000006   Data           2  temperature.o(.data)
    dig_P2                                   0x20000008   Data           2  temperature.o(.data)
    dig_P3                                   0x2000000a   Data           2  temperature.o(.data)
    dig_P4                                   0x2000000c   Data           2  temperature.o(.data)
    dig_P5                                   0x2000000e   Data           2  temperature.o(.data)
    dig_P6                                   0x20000010   Data           2  temperature.o(.data)
    dig_P7                                   0x20000012   Data           2  temperature.o(.data)
    dig_P8                                   0x20000014   Data           2  temperature.o(.data)
    dig_P9                                   0x20000016   Data           2  temperature.o(.data)
    dig_H1                                   0x20000018   Data           2  temperature.o(.data)
    dig_H3                                   0x2000001a   Data           2  temperature.o(.data)
    dig_H2                                   0x2000001c   Data           2  temperature.o(.data)
    dig_H4                                   0x2000001e   Data           2  temperature.o(.data)
    dig_H5                                   0x20000020   Data           2  temperature.o(.data)
    dig_H6                                   0x20000022   Data           2  temperature.o(.data)
    t_fine                                   0x20000024   Data           4  temperature.o(.data)
    drv_info                                 0x2000002c   Data           4  temperature.o(.data)
    osThreadId_osTimerThread                 0x20000034   Data           4  rtx_conf_cm.o(.data)
    osMessageQId_osTimerMessageQ             0x20000038   Data           4  rtx_conf_cm.o(.data)
    os_tmr                                   0x2000003c   Data           4  rtx_conf_cm.o(.data)
    m_tmr                                    0x20000040   Data           4  rtx_conf_cm.o(.data)
    g_edma                                   0x20000048   Data           4  fsl_edma_driver.o(.data)
    g_xtal0ClkFreq                           0x2000004c   Data           4  fsl_mcg_hal.o(.data)
    g_xtalRtcClkFreq                         0x20000050   Data           4  fsl_mcg_hal.o(.data)
    g_fastInternalRefClkFreq                 0x20000054   Data           4  fsl_mcg_hal.o(.data)
    g_slowInternalRefClkFreq                 0x20000058   Data           4  fsl_mcg_hal.o(.data)
    SystemCoreClock                          0x2000005c   Data           4  system_mk64f12.o(.data)
    os_initialized                           0x20000060   Data           1  rt_cmsis.o(.data)
    os_running                               0x20000061   Data           1  rt_cmsis.o(.data)
    os_timer_head                            0x20000064   Data           4  rt_cmsis.o(.data)
    os_tsk                                   0x20000068   Data           8  rt_task.o(.data)
    os_tick_irqn                             0x20000074   Data           4  rt_system.o(.data)
    os_time                                  0x20000078   Data           4  rt_time.o(.data)
    os_robin                                 0x2000007c   Data           8  rt_robin.o(.data)
    dbg_msg                                  0x20000084   Data           1  hal_cm.o(.data)
    mp_tcb                                   0x20000088   Data         376  rtx_conf_cm.o(.bss)
    mp_stk                                   0x20000200   Data        1216  rtx_conf_cm.o(.bss)
    os_stack_mem                             0x200006c0   Data         432  rtx_conf_cm.o(.bss)
    os_fifo                                  0x20000870   Data         132  rtx_conf_cm.o(.bss)
    os_active_TCB                            0x200008f4   Data          28  rtx_conf_cm.o(.bss)
    os_messageQ_q_osTimerMessageQ            0x20000910   Data          32  rtx_conf_cm.o(.bss)
    os_idle_TCB                              0x20000cc0   Data          52  rt_task.o(.bss)
    os_rdy                                   0x20000cf4   Data          24  rt_list.o(.bss)
    os_dly                                   0x20000d0c   Data          24  rt_list.o(.bss)
    __libspace_start                         0x20000d24   Data          96  libspace.o(.bss)
    Image$$ARM_LIB_HEAP$$ZI$$Base            0x20000d84   Number         0  anon$$obj.o ABSOLUTE
    __temporary_stack_top$libspace           0x20000d84   Data           0  libspace.o(.bss)
    Image$$ARM_LIB_HEAP$$ZI$$Limit           0x20001184   Number         0  anon$$obj.o ABSOLUTE
    Image$$ARM_LIB_STACK$$ZI$$Limit          0x20030000   Number         0  anon$$obj.o ABSOLUTE



==============================================================================

Memory Map of the image

  Image Entry point : 0x00000411

  Load Region LR_m_text (Base: 0x00000410, Size: 0x00007be0, Max: 0x000ffbf0, ABSOLUTE)

    Execution Region ER_m_text (Exec base: 0x00000410, Load base: 0x00000410, Size: 0x00007b58, Max: 0x000ffbf0, ABSOLUTE)

    Exec Addr    Load Addr    Size         Type   Attr      Idx    E Section Name        Object

    0x00000410   0x00000410   0x00000008   Code   RO         5495  * !!!main             c_w.l(__main.o)
    0x00000418   0x00000418   0x00000034   Code   RO         5831    !!!scatter          c_w.l(__scatter.o)
    0x0000044c   0x0000044c   0x0000001a   Code   RO         5833    !!handler_copy      c_w.l(__scatter_copy.o)
    0x00000466   0x00000466   0x00000002   PAD
    0x00000468   0x00000468   0x0000001c   Code   RO         5835    !!handler_zi        c_w.l(__scatter_zi.o)
    0x00000484   0x00000484   0x00000002   Code   RO         5781    .ARM.Collect$$libinit$$00000000  c_w.l(libinit.o)
    0x00000486   0x00000486   0x00000004   Code   RO         5611    .ARM.Collect$$libinit$$00000001  c_w.l(libinit2.o)
    0x0000048a   0x0000048a   0x00000000   Code   RO         5614    .ARM.Collect$$libinit$$00000004  c_w.l(libinit2.o)
    0x0000048a   0x0000048a   0x00000000   Code   RO         5617    .ARM.Collect$$libinit$$0000000A  c_w.l(libinit2.o)
    0x0000048a   0x0000048a   0x00000000   Code   RO         5619    .ARM.Collect$$libinit$$0000000C  c_w.l(libinit2.o)
    0x0000048a   0x0000048a   0x00000000   Code   RO         5621    .ARM.Collect$$libinit$$0000000E  c_w.l(libinit2.o)
    0x0000048a   0x0000048a   0x00000000   Code   RO         5624    .ARM.Collect$$libinit$$00000011  c_w.l(libinit2.o)
    0x0000048a   0x0000048a   0x00000000   Code   RO         5626    .ARM.Collect$$libinit$$00000013  c_w.l(libinit2.o)
    0x0000048a   0x0000048a   0x00000000   Code   RO         5628    .ARM.Collect$$libinit$$00000015  c_w.l(libinit2.o)
    0x0000048a   0x0000048a   0x00000000   Code   RO         5630    .ARM.Collect$$libinit$$00000017  c_w.l(libinit2.o)
    0x0000048a   0x0000048a   0x00000000   Code   RO         5632    .ARM.Collect$$libinit$$00000019  c_w.l(libinit2.o)
    0x0000048a   0x0000048a   0x00000000   Code   RO         5634    .ARM.Collect$$libinit$$0000001B  c_w.l(libinit2.o)
    0x0000048a   0x0000048a   0x00000000   Code   RO         5636    .ARM.Collect$$libinit$$0000001D  c_w.l(libinit2.o)
    0x0000048a   0x0000048a   0x00000000   Code   RO         5638    .ARM.Collect$$libinit$$0000001F  c_w.l(libinit2.o)
    0x0000048a   0x0000048a   0x00000000   Code   RO         5640    .ARM.Collect$$libinit$$00000021  c_w.l(libinit2.o)
    0x0000048a   0x0000048a   0x00000000   Code   RO         5642    .ARM.Collect$$libinit$$00000023  c_w.l(libinit2.o)
    0x0000048a   0x0000048a   0x00000000   Code   RO         5644    .ARM.Collect$$libinit$$00000025  c_w.l(libinit2.o)
    0x0000048a   0x0000048a   0x00000000   Code   RO         5648    .ARM.Collect$$libinit$$0000002C  c_w.l(libinit2.o)
    0x0000048a   0x0000048a   0x00000000   Code   RO         5650    .ARM.Collect$$libinit$$0000002E  c_w.l(libinit2.o)
    0x0000048a   0x0000048a   0x00000000   Code   RO         5652    .ARM.Collect$$libinit$$00000030  c_w.l(libinit2.o)
    0x0000048a   0x0000048a   0x00000000   Code   RO         5654    .ARM.Collect$$libinit$$00000032  c_w.l(libinit2.o)
    0x0000048a   0x0000048a   0x00000002   Code   RO         5655    .ARM.Collect$$libinit$$00000033  c_w.l(libinit2.o)
    0x0000048c   0x0000048c   0x00000002   Code   RO         5782    .ARM.Collect$$libshutdown$$00000000  c_w.l(libshutdown.o)
    0x0000048e   0x0000048e   0x00000000   Code   RO         5800    .ARM.Collect$$libshutdown$$00000002  c_w.l(libshutdown2.o)
    0x0000048e   0x0000048e   0x00000000   Code   RO         5802    .ARM.Collect$$libshutdown$$00000004  c_w.l(libshutdown2.o)
    0x0000048e   0x0000048e   0x00000000   Code   RO         5805    .ARM.Collect$$libshutdown$$00000007  c_w.l(libshutdown2.o)
    0x0000048e   0x0000048e   0x00000000   Code   RO         5808    .ARM.Collect$$libshutdown$$0000000A  c_w.l(libshutdown2.o)
    0x0000048e   0x0000048e   0x00000000   Code   RO         5810    .ARM.Collect$$libshutdown$$0000000C  c_w.l(libshutdown2.o)
    0x0000048e   0x0000048e   0x00000000   Code   RO         5813    .ARM.Collect$$libshutdown$$0000000F  c_w.l(libshutdown2.o)
    0x0000048e   0x0000048e   0x00000002   Code   RO         5814    .ARM.Collect$$libshutdown$$00000010  c_w.l(libshutdown2.o)
    0x00000490   0x00000490   0x00000000   Code   RO         5569    .ARM.Collect$$rtentry$$00000000  c_w.l(__rtentry.o)
    0x00000490   0x00000490   0x00000000   Code   RO         5692    .ARM.Collect$$rtentry$$00000002  c_w.l(__rtentry2.o)
    0x00000490   0x00000490   0x00000004   Code   RO         5706    .ARM.Collect$$rtentry$$00000007  c_w.l(__rtentry7.o)
    0x00000494   0x00000494   0x00000000   Code   RO         5694    .ARM.Collect$$rtentry$$00000009  c_w.l(__rtentry2.o)
    0x00000494   0x00000494   0x00000004   Code   RO         5695    .ARM.Collect$$rtentry$$0000000A  c_w.l(__rtentry2.o)
    0x00000498   0x00000498   0x00000008   Code   RO         5696    .ARM.Collect$$rtentry$$0000000B  c_w.l(__rtentry2.o)
    0x000004a0   0x000004a0   0x00000008   Code   RO         5698    .ARM.Collect$$rtentry$$0000000D  c_w.l(__rtentry2.o)
    0x000004a8   0x000004a8   0x00000004   Code   RO         5707    .ARM.Collect$$rtentry$$00002718  c_w.l(__rtentry7.o)
    0x000004ac   0x000004ac   0x00000002   Code   RO         5570    .ARM.Collect$$rtexit$$00000000  c_w.l(rtexit.o)
    0x000004ae   0x000004ae   0x00000000   Code   RO         5712    .ARM.Collect$$rtexit$$00000002  c_w.l(rtexit2.o)
    0x000004ae   0x000004ae   0x00000004   Code   RO         5713    .ARM.Collect$$rtexit$$00000003  c_w.l(rtexit2.o)
    0x000004b2   0x000004b2   0x00000006   Code   RO         5714    .ARM.Collect$$rtexit$$00000004  c_w.l(rtexit2.o)
    0x000004b8   0x000004b8   0x0000001c   Code   RO          513    .emb_text           rtx_conf_cm.o
    0x000004d4   0x000004d4   0x00000198   Code   RO         5399    .emb_text           RTX_CM4.lib(hal_cm4.o)
    0x0000066c   0x0000066c   0x00000038   Code   RO         4159    .text               startup_mk64f12.o
    0x000006a4   0x000006a4   0x00000012   Code   RO         5483    .text               c_w.l(exit.o)
    0x000006b6   0x000006b6   0x00000002   PAD
    0x000006b8   0x000006b8   0x00000080   Code   RO         5485    .text               c_w.l(assert.o)
    0x00000738   0x00000738   0x0000003e   Code   RO         5487    .text               c_w.l(strlen.o)
    0x00000776   0x00000776   0x00000064   Code   RO         5489    .text               c_w.l(rt_memcpy_w.o)
    0x000007da   0x000007da   0x0000004e   Code   RO         5493    .text               c_w.l(rt_memclr_w.o)
    0x00000828   0x00000828   0x00000016   Code   RO         5603    .text               c_w.l(_rserrno.o)
    0x0000083e   0x0000083e   0x00000016   Code   RO         5605    .text               c_w.l(abort.o)
    0x00000854   0x00000854   0x00000014   Code   RO         5607    .text               c_w.l(assert_puts.o)
    0x00000868   0x00000868   0x0000000e   Code   RO         5685    .text               c_w.l(sys_wrch.o)
    0x00000876   0x00000876   0x00000002   PAD
    0x00000878   0x00000878   0x0000000c   Code   RO         5689    .text               c_w.l(sys_exit.o)
    0x00000884   0x00000884   0x00000004   Code   RO         5725    .text               c_w.l(rt_errno_addr_twolibspace.o)
    0x00000888   0x00000888   0x0000000e   Code   RO         5735    .text               c_w.l(defsig_abrt_outer.o)
    0x00000896   0x00000896   0x00000002   Code   RO         5752    .text               c_w.l(use_no_semi.o)
    0x00000898   0x00000898   0x00000000   Code   RO         5754    .text               c_w.l(indicate_semi.o)
    0x00000898   0x00000898   0x0000000a   Code   RO         5761    .text               c_w.l(defsig_exit.o)
    0x000008a2   0x000008a2   0x00000002   PAD
    0x000008a4   0x000008a4   0x00000030   Code   RO         5763    .text               c_w.l(defsig_abrt_inner.o)
    0x000008d4   0x000008d4   0x00000032   Code   RO         5791    .text               c_w.l(defsig_general.o)
    0x00000906   0x00000906   0x00000002   PAD
    0x00000908   0x00000908   0x00000004   Code   RO         5409    SVC_TABLE           RTX_CM4.lib(svc_table.o)
    0x0000090c   0x0000090c   0x00000068   Code   RO         1019    i.BOARD_ClockInit   board.o
    0x00000974   0x00000974   0x00000018   Code   RO         1020    i.BOARD_InitOsc0    board.o
    0x0000098c   0x0000098c   0x00000018   Code   RO         1021    i.BOARD_InitRtcOsc  board.o
    0x000009a4   0x000009a4   0x00000040   Code   RO         2386    i.CLOCK_HAL_EnablePll0InFllMode  fsl_mcg_hal.o
    0x000009e4   0x000009e4   0x0000000a   Code   RO         2532    i.CLOCK_HAL_GetClkOutStat  fsl_mcg_hal_modes.o
    0x000009ee   0x000009ee   0x0000000a   Code   RO         3786    i.CLOCK_HAL_GetClkOutStat  fsl_clock_manager.o
    0x000009f8   0x000009f8   0x00000052   Code   RO         2390    i.CLOCK_HAL_GetFllClk  fsl_mcg_hal.o
    0x00000a4a   0x00000a4a   0x00000002   PAD
    0x00000a4c   0x00000a4c   0x0000004c   Code   RO         2391    i.CLOCK_HAL_GetFllRefClk  fsl_mcg_hal.o
    0x00000a98   0x00000a98   0x0000000e   Code   RO         2533    i.CLOCK_HAL_GetFllSrc  fsl_mcg_hal_modes.o
    0x00000aa6   0x00000aa6   0x00000002   PAD
    0x00000aa8   0x00000aa8   0x0000003c   Code   RO         2392    i.CLOCK_HAL_GetInternalRefClk  fsl_mcg_hal.o
    0x00000ae4   0x00000ae4   0x0000000e   Code   RO         2393    i.CLOCK_HAL_GetInternalRefClkMode  fsl_mcg_hal.o
    0x00000af2   0x00000af2   0x0000000e   Code   RO         2534    i.CLOCK_HAL_GetInternalRefClkMode  fsl_mcg_hal_modes.o
    0x00000b00   0x00000b00   0x00000012   Code   RO         2394    i.CLOCK_HAL_GetMcgExternalClkFreq  fsl_mcg_hal.o
    0x00000b12   0x00000b12   0x00000096   Code   RO         2535    i.CLOCK_HAL_GetMcgMode  fsl_mcg_hal_modes.o
    0x00000ba8   0x00000ba8   0x0000004e   Code   RO         2395    i.CLOCK_HAL_GetOutClk  fsl_mcg_hal.o
    0x00000bf6   0x00000bf6   0x00000044   Code   RO         2396    i.CLOCK_HAL_GetPll0Clk  fsl_mcg_hal.o
    0x00000c3a   0x00000c3a   0x0000000c   Code   RO         2397    i.CLOCK_HAL_GetPll0RefFreq  fsl_mcg_hal.o
    0x00000c46   0x00000c46   0x00000016   Code   RO         2536    i.CLOCK_HAL_IsOsc0Stable  fsl_mcg_hal_modes.o
    0x00000c5c   0x00000c5c   0x00000016   Code   RO         2537    i.CLOCK_HAL_IsPllSelected  fsl_mcg_hal_modes.o
    0x00000c72   0x00000c72   0x0000002a   Code   RO         2538    i.CLOCK_HAL_PrepareOsc  fsl_mcg_hal_modes.o
    0x00000c9c   0x00000c9c   0x0000000a   Code   RO         3787    i.CLOCK_HAL_SetClkOutSrc  fsl_clock_manager.o
    0x00000ca6   0x00000ca6   0x000000e4   Code   RO         2541    i.CLOCK_HAL_SetFbeMode  fsl_mcg_hal_modes.o
    0x00000d8a   0x00000d8a   0x00000002   PAD
    0x00000d8c   0x00000d8c   0x000000b4   Code   RO         2542    i.CLOCK_HAL_SetFbiMode  fsl_mcg_hal_modes.o
    0x00000e40   0x00000e40   0x0000000c   Code   RO         2398    i.CLOCK_HAL_SetInternalRefClkMode  fsl_mcg_hal.o
    0x00000e4c   0x00000e4c   0x0000000c   Code   RO         3788    i.CLOCK_HAL_SetLowPowerModeCmd  fsl_clock_manager.o
    0x00000e58   0x00000e58   0x00000024   Code   RO         2399    i.CLOCK_HAL_SetOsc0Mode  fsl_mcg_hal.o
    0x00000e7c   0x00000e7c   0x00000038   Code   RO         2810    i.CLOCK_HAL_SetOutDiv  fsl_sim_hal_mk64f12.o
    0x00000eb4   0x00000eb4   0x000000e8   Code   RO         2545    i.CLOCK_HAL_SetPbeMode  fsl_mcg_hal_modes.o
    0x00000f9c   0x00000f9c   0x00000046   Code   RO         2400    i.CLOCK_HAL_TestFllExternalRefFreq  fsl_mcg_hal.o
    0x00000fe2   0x00000fe2   0x00000002   PAD
    0x00000fe4   0x00000fe4   0x00000038   Code   RO         2401    i.CLOCK_HAL_TestFllFreq  fsl_mcg_hal.o
    0x0000101c   0x0000101c   0x00000034   Code   RO         2402    i.CLOCK_HAL_TestOscFreq  fsl_mcg_hal.o
    0x00001050   0x00001050   0x00000068   Code   RO         2404    i.CLOCK_HAL_UpdateFastClkInternalRefDiv  fsl_mcg_hal.o
    0x000010b8   0x000010b8   0x0000006c   Code   RO         3469    i.CLOCK_SYS_EnablePortClock  fsl_clock_mk64f12.o
    0x00001124   0x00001124   0x0000006c   Code   RO         3471    i.CLOCK_SYS_EnableUartClock  fsl_clock_mk64f12.o
    0x00001190   0x00001190   0x0000001e   Code   RO         3472    i.CLOCK_SYS_FllStableDelay  fsl_clock_mk64f12.o
    0x000011ae   0x000011ae   0x00000002   PAD
    0x000011b0   0x000011b0   0x00000024   Code   RO         3474    i.CLOCK_SYS_GetBusClockFreq  fsl_clock_mk64f12.o
    0x000011d4   0x000011d4   0x00000020   Code   RO         3475    i.CLOCK_SYS_GetCoreClockFreq  fsl_clock_mk64f12.o
    0x000011f4   0x000011f4   0x00000020   Code   RO         3496    i.CLOCK_SYS_GetSystemClockFreq  fsl_clock_mk64f12.o
    0x00001214   0x00001214   0x0000002e   Code   RO         3498    i.CLOCK_SYS_GetUartFreq  fsl_clock_mk64f12.o
    0x00001242   0x00001242   0x00000002   PAD
    0x00001244   0x00001244   0x000000d0   Code   RO         3793    i.CLOCK_SYS_OscInit  fsl_clock_manager.o
    0x00001314   0x00001314   0x000000fc   Code   RO         3795    i.CLOCK_SYS_RtcOscInit  fsl_clock_manager.o
    0x00001410   0x00001410   0x00000068   Code   RO         3502    i.CLOCK_SYS_SetConfiguration  fsl_clock_mk64f12.o
    0x00001478   0x00001478   0x00000158   Code   RO         3796    i.CLOCK_SYS_SetMcgMode  fsl_clock_manager.o
    0x000015d0   0x000015d0   0x00000048   Code   RO         3797    i.CLOCK_SYS_SetMcgPeeToFbe  fsl_clock_manager.o
    0x00001618   0x00001618   0x00000024   Code   RO         3798    i.CLOCK_SYS_SetOscerConfigration  fsl_clock_manager.o
    0x0000163c   0x0000163c   0x00000040   Code   RO         3503    i.CLOCK_SYS_SetSimConfigration  fsl_clock_mk64f12.o
    0x0000167c   0x0000167c   0x0000000a   Code   RO         1477    i.DMA0_IRQHandler   fsl_edma_irq.o
    0x00001686   0x00001686   0x0000000a   Code   RO         1478    i.DMA10_IRQHandler  fsl_edma_irq.o
    0x00001690   0x00001690   0x0000000a   Code   RO         1479    i.DMA11_IRQHandler  fsl_edma_irq.o
    0x0000169a   0x0000169a   0x0000000a   Code   RO         1480    i.DMA12_IRQHandler  fsl_edma_irq.o
    0x000016a4   0x000016a4   0x0000000a   Code   RO         1481    i.DMA13_IRQHandler  fsl_edma_irq.o
    0x000016ae   0x000016ae   0x0000000a   Code   RO         1482    i.DMA14_IRQHandler  fsl_edma_irq.o
    0x000016b8   0x000016b8   0x0000000a   Code   RO         1483    i.DMA15_IRQHandler  fsl_edma_irq.o
    0x000016c2   0x000016c2   0x0000000a   Code   RO         1484    i.DMA1_IRQHandler   fsl_edma_irq.o
    0x000016cc   0x000016cc   0x0000000a   Code   RO         1485    i.DMA2_IRQHandler   fsl_edma_irq.o
    0x000016d6   0x000016d6   0x0000000a   Code   RO         1486    i.DMA3_IRQHandler   fsl_edma_irq.o
    0x000016e0   0x000016e0   0x0000000a   Code   RO         1487    i.DMA4_IRQHandler   fsl_edma_irq.o
    0x000016ea   0x000016ea   0x0000000a   Code   RO         1488    i.DMA5_IRQHandler   fsl_edma_irq.o
    0x000016f4   0x000016f4   0x0000000a   Code   RO         1489    i.DMA6_IRQHandler   fsl_edma_irq.o
    0x000016fe   0x000016fe   0x0000000a   Code   RO         1490    i.DMA7_IRQHandler   fsl_edma_irq.o
    0x00001708   0x00001708   0x0000000a   Code   RO         1491    i.DMA8_IRQHandler   fsl_edma_irq.o
    0x00001712   0x00001712   0x0000000a   Code   RO         1492    i.DMA9_IRQHandler   fsl_edma_irq.o
    0x0000171c   0x0000171c   0x00000054   Code   RO         1311    i.DMAMUX_HAL_SetChannelCmd  fsl_edma_driver.o
    0x00001770   0x00001770   0x000000bc   Code   RO         3990    i.DbgConsole_Init   fsl_debug_console.o
    0x0000182c   0x0000182c   0x000000f4   Code   RO         1312    i.EDMA_DRV_ClaimChannel  fsl_edma_driver.o
    0x00001920   0x00001920   0x00000034   Code   RO         1313    i.EDMA_DRV_ClearIntStatus  fsl_edma_driver.o
    0x00001954   0x00001954   0x0000002c   Code   RO         1318    i.EDMA_DRV_IRQHandler  fsl_edma_driver.o
    0x00001980   0x00001980   0x0000000a   Code   RO         1320    i.EDMA_DRV_InstallCallback  fsl_edma_driver.o
    0x0000198a   0x0000198a   0x00000002   PAD
    0x0000198c   0x0000198c   0x00000038   Code   RO          574    i.EDMA_DRV_PrepareDescriptorTransfer  i2c_mk64f.o
    0x000019c4   0x000019c4   0x00000034   Code   RO         1323    i.EDMA_DRV_PushDescriptorToReg  fsl_edma_driver.o
    0x000019f8   0x000019f8   0x000000a4   Code   RO         1325    i.EDMA_DRV_RequestChannel  fsl_edma_driver.o
    0x00001a9c   0x00001a9c   0x00000028   Code   RO         1326    i.EDMA_DRV_StartChannel  fsl_edma_driver.o
    0x00001ac4   0x00001ac4   0x00000072   Code   RO         1988    i.EDMA_HAL_HTCDClearReg  fsl_edma_hal.o
    0x00001b36   0x00001b36   0x00000002   PAD
    0x00001b38   0x00001b38   0x000000e8   Code   RO         2001    i.EDMA_HAL_PushSTCDToHTCD  fsl_edma_hal.o
    0x00001c20   0x00001c20   0x00000054   Code   RO         2002    i.EDMA_HAL_STCDSetAttribute  fsl_edma_hal.o
    0x00001c74   0x00001c74   0x0000002c   Code   RO          575    i.EDMA_HAL_STCDSetBandwidth  i2c_mk64f.o
    0x00001ca0   0x00001ca0   0x00000148   Code   RO         2003    i.EDMA_HAL_STCDSetBasicTransfer  fsl_edma_hal.o
    0x00001de8   0x00001de8   0x0000003c   Code   RO          576    i.EDMA_HAL_STCDSetChannelMajorLink  i2c_mk64f.o
    0x00001e24   0x00001e24   0x00000030   Code   RO          577    i.EDMA_HAL_STCDSetDisableDmaRequestAfterTCDDoneCmd  i2c_mk64f.o
    0x00001e54   0x00001e54   0x00000030   Code   RO          578    i.EDMA_HAL_STCDSetHalfCompleteIntCmd  i2c_mk64f.o
    0x00001e84   0x00001e84   0x00000050   Code   RO         2005    i.EDMA_HAL_STCDSetMajorCount  fsl_edma_hal.o
    0x00001ed4   0x00001ed4   0x00000050   Code   RO         2007    i.EDMA_HAL_STCDSetNbytes  fsl_edma_hal.o
    0x00001f24   0x00001f24   0x00000030   Code   RO          579    i.EDMA_HAL_STCDSetScatterGatherCmd  i2c_mk64f.o
    0x00001f54   0x00001f54   0x00000074   Code   RO         2008    i.EDMA_HAL_STCDSetScatterGatherLink  fsl_edma_hal.o
    0x00001fc8   0x00001fc8   0x0000000a   Code   RO         2009    i.EDMA_HAL_SetDmaRequestCmd  fsl_edma_hal.o
    0x00001fd2   0x00001fd2   0x0000000a   Code   RO         2010    i.EDMA_HAL_SetErrorIntCmd  fsl_edma_hal.o
    0x00001fdc   0x00001fdc   0x00000030   Code   RO          580    i.GPIO_HAL_ClearPinOutput  i2c_mk64f.o
    0x0000200c   0x0000200c   0x00000034   Code   RO          581    i.GPIO_HAL_ReadPinInput  i2c_mk64f.o
    0x00002040   0x00002040   0x00000044   Code   RO         2163    i.GPIO_HAL_SetPinDir  fsl_gpio_hal.o
    0x00002084   0x00002084   0x00000030   Code   RO          582    i.GPIO_HAL_SetPinOutput  i2c_mk64f.o
    0x000020b4   0x000020b4   0x00000018   Code   RO          583    i.I2C0_Control      i2c_mk64f.o
    0x000020cc   0x000020cc   0x00000010   Code   RO          584    i.I2C0_GetDataCount  i2c_mk64f.o
    0x000020dc   0x000020dc   0x00000010   Code   RO          585    i.I2C0_GetStatus    i2c_mk64f.o
    0x000020ec   0x000020ec   0x00000010   Code   RO          586    i.I2C0_IRQHandler   i2c_mk64f.o
    0x000020fc   0x000020fc   0x00000014   Code   RO          587    i.I2C0_Initialize   i2c_mk64f.o
    0x00002110   0x00002110   0x00000020   Code   RO          588    i.I2C0_MasterReceive  i2c_mk64f.o
    0x00002130   0x00002130   0x00000020   Code   RO          589    i.I2C0_MasterTransmit  i2c_mk64f.o
    0x00002150   0x00002150   0x00000014   Code   RO          590    i.I2C0_PowerControl  i2c_mk64f.o
    0x00002164   0x00002164   0x00000018   Code   RO          591    i.I2C0_SlaveReceive  i2c_mk64f.o
    0x0000217c   0x0000217c   0x00000018   Code   RO          592    i.I2C0_SlaveTransmit  i2c_mk64f.o
    0x00002194   0x00002194   0x00000010   Code   RO          593    i.I2C0_Uninitialize  i2c_mk64f.o
    0x000021a4   0x000021a4   0x00000018   Code   RO          594    i.I2C1_Control      i2c_mk64f.o
    0x000021bc   0x000021bc   0x00000010   Code   RO          595    i.I2C1_GetDataCount  i2c_mk64f.o
    0x000021cc   0x000021cc   0x00000010   Code   RO          596    i.I2C1_GetStatus    i2c_mk64f.o
    0x000021dc   0x000021dc   0x00000010   Code   RO          597    i.I2C1_IRQHandler   i2c_mk64f.o
    0x000021ec   0x000021ec   0x00000014   Code   RO          598    i.I2C1_Initialize   i2c_mk64f.o
    0x00002200   0x00002200   0x00000020   Code   RO          599    i.I2C1_MasterReceive  i2c_mk64f.o
    0x00002220   0x00002220   0x00000020   Code   RO          600    i.I2C1_MasterTransmit  i2c_mk64f.o
    0x00002240   0x00002240   0x00000014   Code   RO          601    i.I2C1_PowerControl  i2c_mk64f.o
    0x00002254   0x00002254   0x00000018   Code   RO          602    i.I2C1_SlaveReceive  i2c_mk64f.o
    0x0000226c   0x0000226c   0x00000018   Code   RO          603    i.I2C1_SlaveTransmit  i2c_mk64f.o
    0x00002284   0x00002284   0x00000010   Code   RO          604    i.I2C1_Uninitialize  i2c_mk64f.o
    0x00002294   0x00002294   0x00000018   Code   RO          605    i.I2C2_Control      i2c_mk64f.o
    0x000022ac   0x000022ac   0x00000010   Code   RO          606    i.I2C2_GetDataCount  i2c_mk64f.o
    0x000022bc   0x000022bc   0x00000010   Code   RO          607    i.I2C2_GetStatus    i2c_mk64f.o
    0x000022cc   0x000022cc   0x00000010   Code   RO          608    i.I2C2_IRQHandler   i2c_mk64f.o
    0x000022dc   0x000022dc   0x00000014   Code   RO          609    i.I2C2_Initialize   i2c_mk64f.o
    0x000022f0   0x000022f0   0x00000020   Code   RO          610    i.I2C2_MasterReceive  i2c_mk64f.o
    0x00002310   0x00002310   0x00000020   Code   RO          611    i.I2C2_MasterTransmit  i2c_mk64f.o
    0x00002330   0x00002330   0x00000014   Code   RO          612    i.I2C2_PowerControl  i2c_mk64f.o
    0x00002344   0x00002344   0x00000018   Code   RO          613    i.I2C2_SlaveReceive  i2c_mk64f.o
    0x0000235c   0x0000235c   0x00000018   Code   RO          614    i.I2C2_SlaveTransmit  i2c_mk64f.o
    0x00002374   0x00002374   0x00000010   Code   RO          615    i.I2C2_Uninitialize  i2c_mk64f.o
    0x00002384   0x00002384   0x0000000c   Code   RO          616    i.I2CX_GetCapabilities  i2c_mk64f.o
    0x00002390   0x00002390   0x00000010   Code   RO          617    i.I2CX_GetVersion   i2c_mk64f.o
    0x000023a0   0x000023a0   0x000001f4   Code   RO          618    i.I2C_Control       i2c_mk64f.o
    0x00002594   0x00002594   0x00000014   Code   RO          619    i.I2C_GetDataCount  i2c_mk64f.o
    0x000025a8   0x000025a8   0x00000008   Code   RO          620    i.I2C_GetStatus     i2c_mk64f.o
    0x000025b0   0x000025b0   0x00000006   Code   RO          621    i.I2C_HAL_ClearInt  i2c_mk64f.o
    0x000025b6   0x000025b6   0x0000000c   Code   RO          622    i.I2C_HAL_GetStatusFlag  i2c_mk64f.o
    0x000025c2   0x000025c2   0x0000000c   Code   RO         2197    i.I2C_HAL_GetStatusFlag  fsl_i2c_hal.o
    0x000025ce   0x000025ce   0x0000001e   Code   RO         2198    i.I2C_HAL_Init      fsl_i2c_hal.o
    0x000025ec   0x000025ec   0x00000016   Code   RO          623    i.I2C_HAL_IsMaster  i2c_mk64f.o
    0x00002602   0x00002602   0x00000006   Code   RO          624    i.I2C_HAL_ReadByte  i2c_mk64f.o
    0x00002608   0x00002608   0x0000000e   Code   RO          625    i.I2C_HAL_SendAck   i2c_mk64f.o
    0x00002616   0x00002616   0x0000000e   Code   RO          626    i.I2C_HAL_SendNak   i2c_mk64f.o
    0x00002624   0x00002624   0x00000024   Code   RO         2206    i.I2C_HAL_SendStart  fsl_i2c_hal.o
    0x00002648   0x00002648   0x0000006c   Code   RO         2207    i.I2C_HAL_SendStop  fsl_i2c_hal.o
    0x000026b4   0x000026b4   0x00000022   Code   RO         2208    i.I2C_HAL_SetAddress10bit  fsl_i2c_hal.o
    0x000026d6   0x000026d6   0x00000014   Code   RO         2209    i.I2C_HAL_SetAddress7bit  fsl_i2c_hal.o
    0x000026ea   0x000026ea   0x00000002   PAD
    0x000026ec   0x000026ec   0x000000a8   Code   RO         2210    i.I2C_HAL_SetBaudRate  fsl_i2c_hal.o
    0x00002794   0x00002794   0x0000000c   Code   RO          627    i.I2C_HAL_SetDirMode  i2c_mk64f.o
    0x000027a0   0x000027a0   0x0000000c   Code   RO          628    i.I2C_HAL_SetDmaCmd  i2c_mk64f.o
    0x000027ac   0x000027ac   0x0000000c   Code   RO          629    i.I2C_HAL_SetIntCmd  i2c_mk64f.o
    0x000027b8   0x000027b8   0x00000004   Code   RO          630    i.I2C_HAL_WriteByte  i2c_mk64f.o
    0x000027bc   0x000027bc   0x000000f8   Code   RO          631    i.I2C_Initialize    i2c_mk64f.o
    0x000028b4   0x000028b4   0x0000013e   Code   RO          632    i.I2C_MasterReceive  i2c_mk64f.o
    0x000029f2   0x000029f2   0x0000013e   Code   RO          633    i.I2C_MasterTransmit  i2c_mk64f.o
    0x00002b30   0x00002b30   0x0000018c   Code   RO          634    i.I2C_PowerControl  i2c_mk64f.o
    0x00002cbc   0x00002cbc   0x00000050   Code   RO          635    i.I2C_SlaveReceive  i2c_mk64f.o
    0x00002d0c   0x00002d0c   0x00000050   Code   RO          636    i.I2C_SlaveTransmit  i2c_mk64f.o
    0x00002d5c   0x00002d5c   0x0000000a   Code   RO          637    i.I2C_Uninitialize  i2c_mk64f.o
    0x00002d66   0x00002d66   0x00000002   PAD
    0x00002d68   0x00002d68   0x00000060   Code   RO          638    i.I2Cx_DMA_Callback  i2c_mk64f.o
    0x00002dc8   0x00002dc8   0x00000492   Code   RO          639    i.I2Cx_IRQHandler   i2c_mk64f.o
    0x0000325a   0x0000325a   0x00000002   PAD
    0x0000325c   0x0000325c   0x0000002c   Code   RO           11    i.LEDRed_On         utils.o
    0x00003288   0x00003288   0x00000048   Code   RO           13    i.LED_Initialize    utils.o
    0x000032d0   0x000032d0   0x0000002c   Code   RO           14    i.LED_Off           utils.o
    0x000032fc   0x000032fc   0x0000000c   Code   RO         2638    i.OSC_HAL_SetCapacitor  fsl_osc_hal.o
    0x00003308   0x00003308   0x0000000a   Code   RO         3800    i.OSC_HAL_SetExternalRefClkCmd  fsl_clock_manager.o
    0x00003312   0x00003312   0x0000000a   Code   RO         3801    i.OSC_HAL_SetExternalRefClkInStopModeCmd  fsl_clock_manager.o
    0x0000331c   0x0000331c   0x00000044   Code   RO          640    i.PORT_HAL_SetMuxMode  i2c_mk64f.o
    0x00003360   0x00003360   0x00000044   Code   RO         1122    i.PORT_HAL_SetMuxMode  pin_mux.o
    0x000033a4   0x000033a4   0x00000038   Code   RO          641    i.PORT_HAL_SetOpenDrainCmd  i2c_mk64f.o
    0x000033dc   0x000033dc   0x00000058   Code   RO          642    i.PTx_Base          i2c_mk64f.o
    0x00003434   0x00003434   0x0000000e   Code   RO         3802    i.RTC_HAL_SetOscillatorCmd  fsl_clock_manager.o
    0x00003442   0x00003442   0x00000022   Code   RO         3505    i.SIM_HAL_EnableClock  fsl_clock_mk64f12.o
    0x00003464   0x00003464   0x000001c4   Code   RO         4166    i.SystemCoreClockUpdate  system_mk64f12.o
    0x00003628   0x00003628   0x0000002c   Code   RO         4167    i.SystemInit        system_mk64f12.o
    0x00003654   0x00003654   0x0000000c   Code   RO         2974    i.UART_HAL_Getchar  fsl_uart_hal.o
    0x00003660   0x00003660   0x0000000a   Code   RO         2978    i.UART_HAL_Putchar  fsl_uart_hal.o
    0x0000366a   0x0000366a   0x00000056   Code   RO         2980    i.UART_HAL_ReceiveDataPolling  fsl_uart_hal.o
    0x000036c0   0x000036c0   0x0000002e   Code   RO         2984    i.UART_HAL_SendDataPolling  fsl_uart_hal.o
    0x000036ee   0x000036ee   0x00000044   Code   RO         2985    i.UART_HAL_SetBaudRate  fsl_uart_hal.o
    0x00003732   0x00003732   0x0000001c   Code   RO         2992    i.UART_HAL_SetParityMode  fsl_uart_hal.o
    0x0000374e   0x0000374e   0x00000002   PAD
    0x00003750   0x00003750   0x00000abc   Code   RO          142    i._Z11bme280_initv  temperature.o
    0x0000420c   0x0000420c   0x00000020   Code   RO          143    i._Z11getAltitudef  temperature.o
    0x0000422c   0x0000422c   0x00000084   Code   RO          144    i._Z11getDewpointff  temperature.o
    0x000042b0   0x000042b0   0x00000150   Code   RO          145    i._Z11getHumidityv  temperature.o
    0x00004400   0x00004400   0x00000180   Code   RO          146    i._Z11getPressurev  temperature.o
    0x00004580   0x00004580   0x00000074   Code   RO          147    i._Z6getSLPff       temperature.o
    0x000045f4   0x000045f4   0x000000dc   Code   RO          148    i._Z7getTempv       temperature.o
    0x000046d0   0x000046d0   0x000000cc   Code   RO          149    i._Z8i2c_initv      temperature.o
    0x0000479c   0x0000479c   0x00000084   Code   RO          150    i._Z8i2c_readhPh    temperature.o
    0x00004820   0x00004820   0x000000b0   Code   RO          151    i._Z9getCloudsff    temperature.o
    0x000048d0   0x000048d0   0x00000018   Code   RO          240    i._ZSt3expf         temperature.o
    0x000048e8   0x000048e8   0x00000026   Code   RO         5669    i.__ARM_fpclassifyf  m_wm.l(fpclassifyf.o)
    0x0000490e   0x0000490e   0x00000006   Code   RO           16    i.__get_PRIMASK     utils.o
    0x00004914   0x00004914   0x000001e8   Code   RO         5535    i.__hardfp_expf     m_wm.l(expf.o)
    0x00004afc   0x00004afc   0x0000016c   Code   RO         5549    i.__hardfp_logf     m_wm.l(logf.o)
    0x00004c68   0x00004c68   0x000000d0   Code   RO         5563    i.__hardfp_modf     m_wm.l(modf.o)
    0x00004d38   0x00004d38   0x00000014   Code   RO         5671    i.__mathlib_flt_divzero  m_wm.l(funder.o)
    0x00004d4c   0x00004d4c   0x00000006   Code   RO         5672    i.__mathlib_flt_infnan  m_wm.l(funder.o)
    0x00004d52   0x00004d52   0x00000002   PAD
    0x00004d54   0x00004d54   0x00000010   Code   RO         5674    i.__mathlib_flt_invalid  m_wm.l(funder.o)
    0x00004d64   0x00004d64   0x00000010   Code   RO         5675    i.__mathlib_flt_overflow  m_wm.l(funder.o)
    0x00004d74   0x00004d74   0x00000010   Code   RO         5677    i.__mathlib_flt_underflow  m_wm.l(funder.o)
    0x00004d84   0x00004d84   0x00000006   Code   RO           17    i.__set_PRIMASK     utils.o
    0x00004d8a   0x00004d8a   0x00000002   PAD
    0x00004d8c   0x00004d8c   0x0000002c   Code   RO          514    i.__user_perthread_libspace  rtx_conf_cm.o
    0x00004db8   0x00004db8   0x0000066c   Code   RO         4082    i._doprint          print_scan.o
    0x00005424   0x00005424   0x00000046   Code   RO         5293    i._init_box         RTX_CM4.lib(rt_membox.o)
    0x0000546a   0x0000546a   0x00000002   PAD
    0x0000546c   0x0000546c   0x00000020   Code   RO          515    i._mutex_acquire    rtx_conf_cm.o
    0x0000548c   0x0000548c   0x0000001c   Code   RO          517    i._mutex_release    rtx_conf_cm.o
    0x000054a8   0x000054a8   0x00000048   Code   RO         1141    i.configure_uart_pins  pin_mux.o
    0x000054f0   0x000054f0   0x00000030   Code   RO         5346    i.dbg_init          RTX_CM4.lib(hal_cm.o)
    0x00005520   0x00005520   0x00000020   Code   RO         5347    i.dbg_task_notify   RTX_CM4.lib(hal_cm.o)
    0x00005540   0x00005540   0x00000010   Code   RO         5348    i.dbg_task_switch   RTX_CM4.lib(hal_cm.o)
    0x00005550   0x00005550   0x00000016   Code   RO         1022    i.dbg_uart_init     board.o
    0x00005566   0x00005566   0x00000002   PAD
    0x00005568   0x00005568   0x0000003c   Code   RO         3992    i.debug_printf      fsl_debug_console.o
    0x000055a4   0x000055a4   0x0000002c   Code   RO         3993    i.debug_putc        fsl_debug_console.o
    0x000055d0   0x000055d0   0x00000030   Code   RO         4084    i.fput_pad          print_scan.o
    0x00005600   0x00005600   0x0000001e   Code   RO         4136    i.hardware_init     hardware_init.o
    0x0000561e   0x0000561e   0x00000002   PAD
    0x00005620   0x00005620   0x00000048   Code   RO         1262    i.init_data_bss     startup.o
    0x00005668   0x00005668   0x0000002a   Code   RO         4202    i.isrMessageGet     RTX_CM4.lib(rt_cmsis.o)
    0x00005692   0x00005692   0x0000002c   Code   RO         4203    i.isrMessagePut     RTX_CM4.lib(rt_cmsis.o)
    0x000056be   0x000056be   0x00000002   PAD
    0x000056c0   0x000056c0   0x00000056   Code   RO         5148    i.isr_mbx_receive   RTX_CM4.lib(rt_mailbox.o)
    0x00005716   0x00005716   0x0000000e   Code   RO         5149    i.isr_mbx_send      RTX_CM4.lib(rt_mailbox.o)
    0x00005724   0x00005724   0x00000012   Code   RO           18    i.long_delay        utils.o
    0x00005736   0x00005736   0x00000002   PAD
    0x00005738   0x00005738   0x000001e0   Code   RO          153    i.main              temperature.o
    0x00005918   0x00005918   0x0000016c   Code   RO         4085    i.mkfloatnumstr     print_scan.o
    0x00005a84   0x00005a84   0x000000a6   Code   RO         4086    i.mknumstr          print_scan.o
    0x00005b2a   0x00005b2a   0x00000002   PAD
    0x00005b2c   0x00005b2c   0x00000024   Code   RO         4207    i.osKernelInitialize  RTX_CM4.lib(rt_cmsis.o)
    0x00005b50   0x00005b50   0x0000006c   Code   RO         4209    i.osKernelStart     RTX_CM4.lib(rt_cmsis.o)
    0x00005bbc   0x00005bbc   0x00000018   Code   RO         4218    i.osMessageGet      RTX_CM4.lib(rt_cmsis.o)
    0x00005bd4   0x00005bd4   0x0000002c   Code   RO         4235    i.osThreadCreate    RTX_CM4.lib(rt_cmsis.o)
    0x00005c00   0x00005c00   0x00000018   Code   RO         4236    i.osThreadExit      RTX_CM4.lib(rt_cmsis.o)
    0x00005c18   0x00005c18   0x0000000c   Code   RO         4242    i.osTimerCall       RTX_CM4.lib(rt_cmsis.o)
    0x00005c24   0x00005c24   0x0000002c   Code   RO         4247    i.osTimerThread     RTX_CM4.lib(rt_cmsis.o)
    0x00005c50   0x00005c50   0x00000022   Code   RO          518    i.os_error          rtx_conf_cm.o
    0x00005c72   0x00005c72   0x00000004   Code   RO          519    i.os_idle_demon     rtx_conf_cm.o
    0x00005c76   0x00005c76   0x00000002   PAD
    0x00005c78   0x00005c78   0x00000028   Code   RO         4940    i.os_tick_init      RTX_CM4.lib(rt_system.o)
    0x00005ca0   0x00005ca0   0x00000002   Code   RO         4941    i.os_tick_irqack    RTX_CM4.lib(rt_system.o)
    0x00005ca2   0x00005ca2   0x0000001a   Code   RO         5294    i.rt_alloc_box      RTX_CM4.lib(rt_membox.o)
    0x00005cbc   0x00005cbc   0x0000003e   Code   RO         5322    i.rt_alloc_mem      RTX_CM4.lib(rt_memory.o)
    0x00005cfa   0x00005cfa   0x00000002   PAD
    0x00005cfc   0x00005cfc   0x00000038   Code   RO         4821    i.rt_block          RTX_CM4.lib(rt_task.o)
    0x00005d34   0x00005d34   0x00000048   Code   RO         5271    i.rt_chk_robin      RTX_CM4.lib(rt_robin.o)
    0x00005d7c   0x00005d7c   0x00000070   Code   RO         5072    i.rt_dec_dly        RTX_CM4.lib(rt_list.o)
    0x00005dec   0x00005dec   0x00000044   Code   RO         4822    i.rt_dispatch       RTX_CM4.lib(rt_task.o)
    0x00005e30   0x00005e30   0x00000050   Code   RO         5033    i.rt_evt_psh        RTX_CM4.lib(rt_event.o)
    0x00005e80   0x00005e80   0x0000002c   Code   RO         5295    i.rt_free_box       RTX_CM4.lib(rt_membox.o)
    0x00005eac   0x00005eac   0x00000028   Code   RO         5323    i.rt_free_mem       RTX_CM4.lib(rt_memory.o)
    0x00005ed4   0x00005ed4   0x00000028   Code   RO         5073    i.rt_get_first      RTX_CM4.lib(rt_list.o)
    0x00005efc   0x00005efc   0x00000008   Code   RO         4252    i.rt_id2obj         RTX_CM4.lib(rt_cmsis.o)
    0x00005f04   0x00005f04   0x00000048   Code   RO         4823    i.rt_init_context   RTX_CM4.lib(rt_task.o)
    0x00005f4c   0x00005f4c   0x0000001a   Code   RO         5324    i.rt_init_mem       RTX_CM4.lib(rt_memory.o)
    0x00005f66   0x00005f66   0x00000002   PAD
    0x00005f68   0x00005f68   0x00000018   Code   RO         5272    i.rt_init_robin     RTX_CM4.lib(rt_robin.o)
    0x00005f80   0x00005f80   0x00000080   Code   RO         5349    i.rt_init_stack     RTX_CM4.lib(hal_cm.o)
    0x00006000   0x00006000   0x00000008   Code   RO         5150    i.rt_mbx_check      RTX_CM4.lib(rt_mailbox.o)
    0x00006008   0x00006008   0x0000001a   Code   RO         5151    i.rt_mbx_init       RTX_CM4.lib(rt_mailbox.o)
    0x00006022   0x00006022   0x00000002   PAD
    0x00006024   0x00006024   0x000000f0   Code   RO         5152    i.rt_mbx_psh        RTX_CM4.lib(rt_mailbox.o)
    0x00006114   0x00006114   0x000000b4   Code   RO         5154    i.rt_mbx_wait       RTX_CM4.lib(rt_mailbox.o)
    0x000061c8   0x000061c8   0x00000044   Code   RO         4253    i.rt_ms2tick        RTX_CM4.lib(rt_cmsis.o)
    0x0000620c   0x0000620c   0x000000d8   Code   RO         4907    i.rt_mut_release    RTX_CM4.lib(rt_mutex.o)
    0x000062e4   0x000062e4   0x00000078   Code   RO         4908    i.rt_mut_wait       RTX_CM4.lib(rt_mutex.o)
    0x0000635c   0x0000635c   0x0000007c   Code   RO         4944    i.rt_pop_req        RTX_CM4.lib(rt_system.o)
    0x000063d8   0x000063d8   0x00000020   Code   RO         4945    i.rt_psh_req        RTX_CM4.lib(rt_system.o)
    0x000063f8   0x000063f8   0x0000005c   Code   RO         5075    i.rt_psq_enq        RTX_CM4.lib(rt_list.o)
    0x00006454   0x00006454   0x00000048   Code   RO         5076    i.rt_put_dly        RTX_CM4.lib(rt_list.o)
    0x0000649c   0x0000649c   0x00000036   Code   RO         5077    i.rt_put_prio       RTX_CM4.lib(rt_list.o)
    0x000064d2   0x000064d2   0x00000002   PAD
    0x000064d4   0x000064d4   0x00000014   Code   RO         5078    i.rt_put_rdy_first  RTX_CM4.lib(rt_list.o)
    0x000064e8   0x000064e8   0x00000034   Code   RO         5079    i.rt_resort_prio    RTX_CM4.lib(rt_list.o)
    0x0000651c   0x0000651c   0x00000010   Code   RO         5350    i.rt_ret_regs       RTX_CM4.lib(hal_cm.o)
    0x0000652c   0x0000652c   0x0000000c   Code   RO         5351    i.rt_ret_val        RTX_CM4.lib(hal_cm.o)
    0x00006538   0x00006538   0x00000010   Code   RO         5352    i.rt_ret_val2       RTX_CM4.lib(hal_cm.o)
    0x00006548   0x00006548   0x00000028   Code   RO         5080    i.rt_rmv_dly        RTX_CM4.lib(rt_list.o)
    0x00006570   0x00006570   0x00000030   Code   RO         5081    i.rt_rmv_list       RTX_CM4.lib(rt_list.o)
    0x000065a0   0x000065a0   0x00000034   Code   RO         5199    i.rt_sem_psh        RTX_CM4.lib(rt_semaphore.o)
    0x000065d4   0x000065d4   0x00000024   Code   RO         4947    i.rt_stk_check      RTX_CM4.lib(rt_system.o)
    0x000065f8   0x000065f8   0x00000028   Code   RO         4824    i.rt_switch_req     RTX_CM4.lib(rt_task.o)
    0x00006620   0x00006620   0x000000cc   Code   RO         4825    i.rt_sys_init       RTX_CM4.lib(rt_task.o)
    0x000066ec   0x000066ec   0x00000078   Code   RO         4826    i.rt_sys_start      RTX_CM4.lib(rt_task.o)
    0x00006764   0x00006764   0x00000040   Code   RO         4949    i.rt_systick        RTX_CM4.lib(rt_system.o)
    0x000067a4   0x000067a4   0x00000012   Code   RO         4254    i.rt_tid2ptcb       RTX_CM4.lib(rt_cmsis.o)
    0x000067b6   0x000067b6   0x00000002   PAD
    0x000067b8   0x000067b8   0x00000034   Code   RO         4255    i.rt_timer_insert   RTX_CM4.lib(rt_cmsis.o)
    0x000067ec   0x000067ec   0x00000088   Code   RO         4827    i.rt_tsk_create     RTX_CM4.lib(rt_task.o)
    0x00006874   0x00006874   0x0000017c   Code   RO         4828    i.rt_tsk_delete     RTX_CM4.lib(rt_task.o)
    0x000069f0   0x000069f0   0x0000007c   Code   RO         4830    i.rt_tsk_prio       RTX_CM4.lib(rt_task.o)
    0x00006a6c   0x00006a6c   0x00000010   Code   RO         4831    i.rt_tsk_self       RTX_CM4.lib(rt_task.o)
    0x00006a7c   0x00006a7c   0x00000014   Code   RO           19    i.short_delay       utils.o
    0x00006a90   0x00006a90   0x00000070   Code   RO         4258    i.svcKernelInitialize  RTX_CM4.lib(rt_cmsis.o)
    0x00006b00   0x00006b00   0x00000048   Code   RO         4260    i.svcKernelStart    RTX_CM4.lib(rt_cmsis.o)
    0x00006b48   0x00006b48   0x00000024   Code   RO         4263    i.svcMessageCreate  RTX_CM4.lib(rt_cmsis.o)
    0x00006b6c   0x00006b6c   0x0000003a   Code   RO         4264    i.svcMessageGet     RTX_CM4.lib(rt_cmsis.o)
    0x00006ba6   0x00006ba6   0x00000002   PAD
    0x00006ba8   0x00006ba8   0x0000006c   Code   RO         4278    i.svcThreadCreate   RTX_CM4.lib(rt_cmsis.o)
    0x00006c14   0x00006c14   0x0000001c   Code   RO         4279    i.svcThreadGetId    RTX_CM4.lib(rt_cmsis.o)
    0x00006c30   0x00006c30   0x00000038   Code   RO         4282    i.svcThreadTerminate  RTX_CM4.lib(rt_cmsis.o)
    0x00006c68   0x00006c68   0x00000018   Code   RO         4284    i.svcTimerCall      RTX_CM4.lib(rt_cmsis.o)
    0x00006c80   0x00006c80   0x0000005c   Code   RO         4293    i.sysTimerTick      RTX_CM4.lib(rt_cmsis.o)
    0x00006cdc   0x00006cdc   0x00000062   Code   RO         5497    x$fpl$d2f           fz_wm.l(d2f.o)
    0x00006d3e   0x00006d3e   0x00000002   PAD
    0x00006d40   0x00006d40   0x00000150   Code   RO         5499    x$fpl$dadd          fz_wm.l(daddsub_clz.o)
    0x00006e90   0x00006e90   0x00000018   Code   RO         5656    x$fpl$dcmpinf       fz_wm.l(dcmpi.o)
    0x00006ea8   0x00006ea8   0x000002b0   Code   RO         5506    x$fpl$ddiv          fz_wm.l(ddiv.o)
    0x00007158   0x00007158   0x00000078   Code   RO         5509    x$fpl$deqf          fz_wm.l(deqf.o)
    0x000071d0   0x000071d0   0x0000005e   Code   RO         5511    x$fpl$dfix          fz_wm.l(dfix.o)
    0x0000722e   0x0000722e   0x0000002e   Code   RO         5520    x$fpl$dflt          fz_wm.l(dflt_clz.o)
    0x0000725c   0x0000725c   0x0000008a   Code   RO         5526    x$fpl$dfltull       fz_wm.l(dfltll_clz.o)
    0x000072e6   0x000072e6   0x00000002   PAD
    0x000072e8   0x000072e8   0x00000078   Code   RO         5529    x$fpl$dleqf         fz_wm.l(dleqf.o)
    0x00007360   0x00007360   0x00000154   Code   RO         5531    x$fpl$dmul          fz_wm.l(dmul.o)
    0x000074b4   0x000074b4   0x0000009c   Code   RO         5658    x$fpl$dnaninf       fz_wm.l(dnaninf.o)
    0x00007550   0x00007550   0x0000000c   Code   RO         5660    x$fpl$dretinf       fz_wm.l(dretinf.o)
    0x0000755c   0x0000755c   0x00000016   Code   RO         5500    x$fpl$drsb          fz_wm.l(daddsub_clz.o)
    0x00007572   0x00007572   0x00000002   PAD
    0x00007574   0x00007574   0x000001d4   Code   RO         5501    x$fpl$dsub          fz_wm.l(daddsub_clz.o)
    0x00007748   0x00007748   0x00000056   Code   RO         5533    x$fpl$f2d           fz_wm.l(f2d.o)
    0x0000779e   0x0000779e   0x0000008c   Code   RO         5662    x$fpl$fnaninf       fz_wm.l(fnaninf.o)
    0x0000782a   0x0000782a   0x0000000a   Code   RO         5750    x$fpl$fpinit        fz_wm.l(fpinit.o)
    0x00007834   0x00007834   0x0000000a   Code   RO         5664    x$fpl$fretinf       fz_wm.l(fretinf.o)
    0x0000783e   0x0000783e   0x00000002   PAD
    0x00007840   0x00007840   0x00000078   Code   RO         5515    x$fpl$llufromd      fz_wm.l(dfixull.o)
    0x000078b8   0x000078b8   0x00000000   Code   RO         5668    x$fpl$usenofp       fz_wm.l(usenofp.o)
    0x000078b8   0x000078b8   0x00000068   Data   RO          521    .constdata          rtx_conf_cm.o
    0x00007920   0x00007920   0x00000110   Data   RO          644    .constdata          i2c_mk64f.o
    0x00007a30   0x00007a30   0x00000048   Data   RO         1023    .constdata          board.o
    0x00007a78   0x00007a78   0x00000019   Data   RO         1290    .constdata          fsl_edma_common.o
    0x00007a91   0x00007a91   0x00000003   PAD
    0x00007a94   0x00007a94   0x00000006   Data   RO         1748    .constdata          fsl_rtc_common.o
    0x00007a9a   0x00007a9a   0x000000c8   Data   RO         2215    .constdata          fsl_i2c_hal.o
    0x00007b62   0x00007b62   0x00000030   Data   RO         2405    .constdata          fsl_mcg_hal.o
    0x00007b92   0x00007b92   0x00000019   Data   RO         3507    .constdata          fsl_clock_mk64f12.o
    0x00007bab   0x00007bab   0x00000001   PAD
    0x00007bac   0x00007bac   0x0000000c   Data   RO         3921    .constdata          fsl_clock_manager_common.o
    0x00007bb8   0x00007bb8   0x00000018   Data   RO         3999    .constdata          fsl_debug_console.o
    0x00007bd0   0x00007bd0   0x00000030   Data   RO         5538    .constdata          m_wm.l(expf.o)
    0x00007c00   0x00007c00   0x00000040   Data   RO         5552    .constdata          m_wm.l(logf.o)
    0x00007c40   0x00007c40   0x000000ef   Data   RO          645    .conststring        i2c_mk64f.o
    0x00007d2f   0x00007d2f   0x00000001   PAD
    0x00007d30   0x00007d30   0x00000051   Data   RO         1332    .conststring        fsl_edma_driver.o
    0x00007d81   0x00007d81   0x00000003   PAD
    0x00007d84   0x00007d84   0x00000054   Data   RO         2011    .conststring        fsl_edma_hal.o
    0x00007dd8   0x00007dd8   0x00000054   Data   RO         2165    .conststring        fsl_gpio_hal.o
    0x00007e2c   0x00007e2c   0x00000052   Data   RO         2216    .conststring        fsl_i2c_hal.o
    0x00007e7e   0x00007e7e   0x00000002   PAD
    0x00007e80   0x00007e80   0x00000065   Data   RO         3508    .conststring        fsl_clock_mk64f12.o
    0x00007ee5   0x00007ee5   0x00000003   PAD
    0x00007ee8   0x00007ee8   0x0000005d   Data   RO         3804    .conststring        fsl_clock_manager.o
    0x00007f45   0x00007f45   0x00000003   PAD
    0x00007f48   0x00007f48   0x00000020   Data   RO         5829    Region$$Table       anon$$obj.o


    Execution Region RW_m_data (Exec base: 0x1fff0000, Load base: 0x00007f68, Size: 0x00000000, Max: 0x00010000, ABSOLUTE)

    **** No section assigned to this execution region ****


    Execution Region RW_m_data_2 (Exec base: 0x20000000, Load base: 0x00007f68, Size: 0x00000d84, Max: 0x0002f800, ABSOLUTE)

    Exec Addr    Load Addr    Size         Type   Attr      Idx    E Section Name        Object

    0x20000000   0x00007f68   0x00000031   Data   RW          166    .data               temperature.o
    0x20000031   0x00007f99   0x00000003   PAD
    0x20000034   0x00007f9c   0x00000014   Data   RW          522    .data               rtx_conf_cm.o
    0x20000048   0x00007fb0   0x00000004   Data   RW         1333    .data               fsl_edma_driver.o
    0x2000004c   0x00007fb4   0x00000010   Data   RW         2406    .data               fsl_mcg_hal.o
    0x2000005c   0x00007fc4   0x00000004   Data   RW         4168    .data               system_mk64f12.o
    0x20000060   0x00007fc8   0x00000008   Data   RW         4296    .data               RTX_CM4.lib(rt_cmsis.o)
    0x20000068   0x00007fd0   0x00000008   Data   RW         4833    .data               RTX_CM4.lib(rt_task.o)
    0x20000070   0x00007fd8   0x00000008   Data   RW         4952    .data               RTX_CM4.lib(rt_system.o)
    0x20000078   0x00007fe0   0x00000004   Data   RW         5242    .data               RTX_CM4.lib(rt_time.o)
    0x2000007c   0x00007fe4   0x00000008   Data   RW         5273    .data               RTX_CM4.lib(rt_robin.o)
    0x20000084   0x00007fec   0x00000001   Data   RW         5353    .data               RTX_CM4.lib(hal_cm.o)
    0x20000085   0x00007fed   0x00000003   PAD
    0x20000088        -       0x00000bc8   Zero   RW          520    .bss                rtx_conf_cm.o
    0x20000c50        -       0x00000060   Zero   RW          643    .bss                i2c_mk64f.o
    0x20000cb0        -       0x00000010   Zero   RW         3998    .bss                fsl_debug_console.o
    0x20000cc0        -       0x00000034   Zero   RW         4832    .bss                RTX_CM4.lib(rt_task.o)
    0x20000cf4        -       0x00000030   Zero   RW         5082    .bss                RTX_CM4.lib(rt_list.o)
    0x20000d24        -       0x00000060   Zero   RW         5415    .bss                c_w.l(libspace.o)


    Execution Region ARM_LIB_HEAP (Exec base: 0x20000d84, Load base: 0x00007ff0, Size: 0x00000400, Max: 0x00000400, ABSOLUTE)

    Exec Addr    Load Addr    Size         Type   Attr      Idx    E Section Name        Object

    0x20000d84        -       0x00000400   Zero   RW            1    ARM_LIB_HEAP.bss    anon$$obj.o


    Execution Region ARM_LIB_STACK (Exec base: 0x2002fc00, Load base: 0x00007ff0, Size: 0x00000400, Max: 0x00000400, ABSOLUTE)

    Exec Addr    Load Addr    Size         Type   Attr      Idx    E Section Name        Object

    0x2002fc00        -       0x00000400   Zero   RW            2    ARM_LIB_STACK.bss   anon$$obj.o



  Load Region LR_m_interrupts (Base: 0x00000000, Size: 0x00000400, Max: 0x00000400, ABSOLUTE)

    Execution Region VECTOR_RAM (Exec base: 0x00000000, Load base: 0x00000000, Size: 0x00000000, Max: 0x00000000, ABSOLUTE)

    Exec Addr    Load Addr    Size         Type   Attr      Idx    E Section Name        Object

    0x00000000        -       0x00000000   Zero   RW            3    VECTOR_RAM.bss      anon$$obj.o


    Execution Region VECTOR_ROM (Exec base: 0x00000000, Load base: 0x00000000, Size: 0x00000400, Max: 0x00000400, ABSOLUTE)

    Exec Addr    Load Addr    Size         Type   Attr      Idx    E Section Name        Object

    0x00000000   0x00000000   0x00000400   Data   RO         4157    RESET               startup_mk64f12.o



  Load Region LR_m_flash_config (Base: 0x00000400, Size: 0x00000010, Max: 0x00000010, ABSOLUTE)

    Execution Region ER_m_flash_config (Exec base: 0x00000400, Load base: 0x00000400, Size: 0x00000010, Max: 0x00000010, ABSOLUTE)

    Exec Addr    Load Addr    Size         Type   Attr      Idx    E Section Name        Object

    0x00000400   0x00000400   0x00000010   Data   RO         4158    FlashConfig         startup_mk64f12.o


==============================================================================

Image component sizes


      Code (inc. data)   RO Data    RW Data    ZI Data      Debug   Object Name

       174         40         72          0          0      29255   board.o
         0          0          0          0          0       1444   buttons_frdm_k64f.o
       978        110         93          0          0      29917   fsl_clock_manager.o
         0          0         12          0          0        904   fsl_clock_manager_common.o
       594        222        126          0          0      29059   fsl_clock_mk64f12.o
       292         30         24          0         16      15050   fsl_debug_console.o
         0          0         25          0          0        913   fsl_edma_common.o
       690        130         81          4          0      17700   fsl_edma_driver.o
      1054        154         84          0          0      14822   fsl_edma_hal.o
       160          0          0          0          0       9086   fsl_edma_irq.o
        68         16         84          0          0       1133   fsl_gpio_hal.o
       408         40        282          0          0       8630   fsl_i2c_hal.o
       802         40         48         16          0      16914   fsl_mcg_hal.o
       914         14          0          0          0      12600   fsl_mcg_hal_modes.o
         0          0          0          0          0       9164   fsl_os_abstraction_bm.o
        12          0          0          0          0       1011   fsl_osc_hal.o
         0          0          6          0          0        781   fsl_rtc_common.o
        56          0          0          0          0       1458   fsl_sim_hal_mk64f12.o
       250          0          0          0          0      12807   fsl_uart_hal.o
         0          0          0          0          0       2784   fxos8700.o
        30          0          0          0          0        568   hardware_init.o
      4770        412        511          0         96     117734   i2c_mk64f.o
       140         30          0          0          0       3258   pin_mux.o
      2222         60          0          0          0       7315   print_scan.o
       170         38        104         20       3016      10203   rtx_conf_cm.o
        72         18          0          0          0        580   startup.o
        56         18       1040          0          0        884   startup_mk64f12.o
       496         44          0          4          0       1723   system_mk64f12.o
      4984        488          0         49          0      19365   temperature.o
       210         44          0          0          0     629042   utils.o

    ----------------------------------------------------------------------
     19638       1948       2640         96       5176    1006104   Object Totals
         0          0         32          0       2048          0   (incl. Generated)
        36          0         16          3          0          0   (incl. Padding)

    ----------------------------------------------------------------------

      Code (inc. data)   RO Data    RW Data    ZI Data      Debug   Library Member Name

       268         24          0          1          0       4524   hal_cm.o
       408         34          0          0          0        824   hal_cm4.o
      1110        138          0          8          0      34453   rt_cmsis.o
        80          4          0          0          0        709   rt_event.o
       530         34          0          0         48       8685   rt_list.o
       554         10          0          0          0       4237   rt_mailbox.o
       140          0          0          0          0       2069   rt_membox.o
       128          0          0          0          0       2451   rt_memory.o
       336         14          0          0          0       1739   rt_mutex.o
        96         22          0          8          0       1254   rt_robin.o
        52          4          0          0          0        621   rt_semaphore.o
       298         52          0          8          0       6511   rt_system.o
      1216        174          0          8         52      10129   rt_task.o
         0          0          0          4          0        214   rt_time.o
         4          4          0          0          0        208   svc_table.o
         8          0          0          0          0         68   __main.o
         0          0          0          0          0          0   __rtentry.o
        20          0          0          0          0          0   __rtentry2.o
         8          4          0          0          0          0   __rtentry7.o
        52          8          0          0          0          0   __scatter.o
        26          0          0          0          0          0   __scatter_copy.o
        28          0          0          0          0          0   __scatter_zi.o
        22          0          0          0          0        100   _rserrno.o
        22          0          0          0          0         80   abort.o
       128         42          0          0          0         76   assert.o
        20          0          0          0          0         76   assert_puts.o
        48         34          0          0          0         76   defsig_abrt_inner.o
        14          0          0          0          0         80   defsig_abrt_outer.o
        10          0          0          0          0         68   defsig_exit.o
        50          0          0          0          0         88   defsig_general.o
        18          0          0          0          0         80   exit.o
         0          0          0          0          0          0   indicate_semi.o
         2          0          0          0          0          0   libinit.o
         6          0          0          0          0          0   libinit2.o
         2          0          0          0          0          0   libshutdown.o
         2          0          0          0          0          0   libshutdown2.o
         0          0          0          0         96          0   libspace.o
         4          0          0          0          0         68   rt_errno_addr_twolibspace.o
        78          0          0          0          0         80   rt_memclr_w.o
       100          0          0          0          0         80   rt_memcpy_w.o
         2          0          0          0          0          0   rtexit.o
        10          0          0          0          0          0   rtexit2.o
        62          0          0          0          0         76   strlen.o
        12          4          0          0          0         68   sys_exit.o
        14          0          0          0          0         76   sys_wrch.o
         2          0          0          0          0         68   use_no_semi.o
        98          4          0          0          0        140   d2f.o
       826         16          0          0          0        492   daddsub_clz.o
        24          0          0          0          0        116   dcmpi.o
       688        140          0          0          0        256   ddiv.o
       120          4          0          0          0        140   deqf.o
        94          4          0          0          0        140   dfix.o
       120          4          0          0          0        152   dfixull.o
        46          0          0          0          0        116   dflt_clz.o
       138          0          0          0          0        132   dfltll_clz.o
       120          4          0          0          0        140   dleqf.o
       340         12          0          0          0        152   dmul.o
       156          4          0          0          0        140   dnaninf.o
        12          0          0          0          0        116   dretinf.o
        86          4          0          0          0        132   f2d.o
       140          4          0          0          0        132   fnaninf.o
        10          0          0          0          0        116   fpinit.o
        10          0          0          0          0        116   fretinf.o
         0          0          0          0          0          0   usenofp.o
       488         62         48          0          0        236   expf.o
        38          0          0          0          0        116   fpclassifyf.o
        74         24          0          0          0        580   funder.o
       364         44         64          0          0        140   logf.o
       208          6          0          0          0        152   modf.o

    ----------------------------------------------------------------------
     10226        942        112         40        196      83888   Library Totals
        36          0          0          3          0          0   (incl. Padding)

    ----------------------------------------------------------------------

      Code (inc. data)   RO Data    RW Data    ZI Data      Debug   Library Name

      5220        514          0         37        100      78628   RTX_CM4.lib
       770         92          0          0         96       1308   c_w.l
      3028        200          0          0          0       2728   fz_wm.l
      1172        136        112          0          0       1224   m_wm.l

    ----------------------------------------------------------------------
     10226        942        112         40        196      83888   Library Totals

    ----------------------------------------------------------------------

==============================================================================


      Code (inc. data)   RO Data    RW Data    ZI Data      Debug   

     29864       2890       2752        136       5372    1059816   Grand Totals
     29864       2890       2752        136       5372    1059816   ELF Image Totals
     29864       2890       2752        136          0          0   ROM Totals

==============================================================================

    Total RO  Size (Code + RO Data)                32616 (  31.85kB)
    Total RW  Size (RW Data + ZI Data)              5508 (   5.38kB)
    Total ROM Size (Code + RO Data + RW Data)      32752 (  31.98kB)

==============================================================================

